[01/06/25 11:48:22] Ryan_yu__ INITIATED_INSTALL LuckPerms from MODRINTH with ID 67d0ae3f0323724d4d5c5a49
[01/06/25 11:48:23] Ryan_yu__ INSTALL LuckPerms from MODRINTH with ID 67d0ae3f0323724d4d5c5a49
[01/06/25 23:35:31] SYSTEM NOTICED_DELETE of LuckPerms (Vebnzrzj) while Plugin Portal was Disabled.
[01/06/25 23:35:31] SYSTEM LOAD_PLUGINS Loaded 2 plugins from local cache
[02/06/25 15:26:27] SYSTEM LOAD_PLUGINS Loaded 1 plugins from local cache
[02/06/25 16:14:27] SYSTEM LOAD_PLUGINS Loaded 1 plugins from local cache
[02/06/25 19:55:10] SYSTEM LOAD_PLUGINS Loaded 1 plugins from local cache
[03/06/25 20:07:20] SYSTEM LOAD_PLUGINS Loaded 1 plugins from local cache
[03/06/25 21:51:29] SYSTEM LOAD_PLUGINS Loaded 1 plugins from local cache
[04/06/25 15:12:22] SYSTEM LOAD_PLUGINS Loaded 1 plugins from local cache
[04/06/25 20:39:36] SYSTEM LOAD_PLUGINS Loaded 1 plugins from local cache
[05/06/25 14:52:28] SYSTEM LOAD_PLUGINS Loaded 1 plugins from local cache
[06/06/25 09:51:39] SYSTEM LOAD_PLUGINS Loaded 1 plugins from local cache
[06/06/25 19:35:22] SYSTEM LOAD_PLUGINS Loaded 1 plugins from local cache
[10/07/25 09:41:11] SYSTEM LOAD_PLUGINS Loaded 1 plugins from local cache
[11/07/25 22:57:51] SYSTEM LOAD_PLUGINS Loaded 1 plugins from local cache
[12/07/25 11:09:29] SYSTEM LOAD_PLUGINS Loaded 1 plugins from local cache
[13/07/25 14:54:17] SYSTEM LOAD_PLUGINS Loaded 1 plugins from local cache
[14/07/25 20:23:35] SYSTEM LOAD_PLUGINS Loaded 1 plugins from local cache
[14/07/25 21:45:55] SYSTEM LOAD_PLUGINS Loaded 1 plugins from local cache
[14/07/25 21:49:35] SYSTEM LOAD_PLUGINS Loaded 1 plugins from local cache
[14/07/25 21:53:51] SYSTEM LOAD_PLUGINS Loaded 1 plugins from local cache
[14/07/25 23:46:11] SYSTEM LOAD_PLUGINS Loaded 1 plugins from local cache
[16/07/25 10:45:21] SYSTEM LOAD_PLUGINS Loaded 1 plugins from local cache
[16/07/25 16:26:04] SYSTEM LOAD_PLUGINS Loaded 1 plugins from local cache
[18/07/25 17:20:15] SYSTEM LOAD_PLUGINS Loaded 1 plugins from local cache
[20/07/25 14:43:13] SYSTEM LOAD_PLUGINS Loaded 1 plugins from local cache
[24/07/25 17:42:08] SYSTEM LOAD_PLUGINS Loaded 1 plugins from local cache
[25/07/25 10:02:33] SYSTEM LOAD_PLUGINS Loaded 1 plugins from local cache
[25/07/25 10:12:20] SYSTEM LOAD_PLUGINS Loaded 1 plugins from local cache
[26/07/25 15:23:37] SYSTEM LOAD_PLUGINS Loaded 1 plugins from local cache
[27/07/25 10:59:09] SYSTEM LOAD_PLUGINS Loaded 1 plugins from local cache
[27/07/25 23:32:33] SYSTEM LOAD_PLUGINS Loaded 1 plugins from local cache
[29/07/25 13:43:18] SYSTEM LOAD_PLUGINS Loaded 1 plugins from local cache
[04/08/25 10:56:15] SYSTEM LOAD_PLUGINS Loaded 1 plugins from local cache
[09/08/25 10:47:05] SYSTEM LOAD_PLUGINS Loaded 1 plugins from local cache
[11/08/25 09:34:14] SYSTEM LOAD_PLUGINS Loaded 1 plugins from local cache
[13/08/25 11:37:50] SYSTEM LOAD_PLUGINS Loaded 1 plugins from local cache
[13/08/25 11:55:02] SYSTEM LOAD_PLUGINS Loaded 1 plugins from local cache
[28/08/25 22:52:02] SYSTEM LOAD_PLUGINS Loaded 1 plugins from local cache
[05/09/25 17:35:43] SYSTEM LOAD_PLUGINS Loaded 1 plugins from local cache
[09/09/25 15:42:53] SYSTEM LOAD_PLUGINS Loaded 1 plugins from local cache
[11/09/25 17:00:53] SYSTEM LOAD_PLUGINS Loaded 1 plugins from local cache
[12/09/25 22:47:28] SYSTEM LOAD_PLUGINS Loaded 1 plugins from local cache
[13/09/25 12:32:44] SYSTEM LOAD_PLUGINS Loaded 1 plugins from local cache
[13/09/25 13:13:09] SYSTEM LOAD_PLUGINS Loaded 1 plugins from local cache
[13/09/25 22:22:50] SYSTEM LOAD_PLUGINS Loaded 1 plugins from local cache
[14/09/25 17:16:31] SYSTEM LOAD_PLUGINS Loaded 1 plugins from local cache
[14/09/25 23:12:01] SYSTEM LOAD_PLUGINS Loaded 1 plugins from local cache
[24/09/25 14:19:29] SYSTEM LOAD_PLUGINS Loaded 1 plugins from local cache
[28/09/25 18:39:29] SYSTEM LOAD_PLUGINS Loaded 1 plugins from local cache
[30/09/25 14:00:10] SYSTEM LOAD_PLUGINS Loaded 1 plugins from local cache
[02/10/25 00:33:38] SYSTEM LOAD_PLUGINS Loaded 1 plugins from local cache
[02/10/25 00:55:45] SYSTEM LOAD_PLUGINS Loaded 1 plugins from local cache
[02/10/25 22:50:26] SYSTEM LOAD_PLUGINS Loaded 1 plugins from local cache
[05/10/25 15:34:15] SYSTEM LOAD_PLUGINS Loaded 1 plugins from local cache
[05/10/25 20:21:52] SYSTEM LOAD_PLUGINS Loaded 1 plugins from local cache
[06/10/25 21:28:22] SYSTEM LOAD_PLUGINS Loaded 1 plugins from local cache
[08/10/25 00:37:37] SYSTEM LOAD_PLUGINS Loaded 1 plugins from local cache
[08/10/25 22:01:34] SYSTEM LOAD_PLUGINS Loaded 1 plugins from local cache
[10/10/25 22:22:57] SYSTEM LOAD_PLUGINS Loaded 1 plugins from local cache
[10/10/25 23:12:26] SYSTEM LOAD_PLUGINS Loaded 1 plugins from local cache
[11/10/25 00:34:14] SYSTEM LOAD_PLUGINS Loaded 1 plugins from local cache
[11/10/25 00:41:13] SYSTEM LOAD_PLUGINS Loaded 1 plugins from local cache
[12/10/25 00:20:23] SYSTEM LOAD_PLUGINS Loaded 1 plugins from local cache
[12/10/25 14:19:57] SYSTEM LOAD_PLUGINS Loaded 1 plugins from local cache
[15/10/25 00:02:39] SYSTEM LOAD_PLUGINS Loaded 1 plugins from local cache
[15/10/25 22:48:29] SYSTEM LOAD_PLUGINS Loaded 1 plugins from local cache
[19/10/25 01:10:22] SYSTEM LOAD_PLUGINS Loaded 1 plugins from local cache
[19/10/25 11:01:42] SYSTEM LOAD_PLUGINS Loaded 1 plugins from local cache
[02/11/25 23:46:09] SYSTEM LOAD_PLUGINS Loaded 1 plugins from local cache
[08/11/25 01:34:06] SYSTEM LOAD_PLUGINS Loaded 1 plugins from local cache
[08/11/25 22:56:09] SYSTEM LOAD_PLUGINS Loaded 1 plugins from local cache
[27/12/25 20:52:10] SYSTEM LOAD_PLUGINS Loaded 1 plugins from local cache
[27/12/25 21:37:52] SYSTEM LOAD_PLUGINS Loaded 1 plugins from local cache
[28/12/25 19:32:15] SYSTEM LOAD_PLUGINS Loaded 1 plugins from local cache
[13/01/26 11:50:47] SYSTEM LOAD_PLUGINS Loaded 1 plugins from local cache
[22/01/26 00:11:36] SYSTEM LOAD_PLUGINS Loaded 1 plugins from local cache
[23/01/26 12:53:07] SYSTEM LOAD_PLUGINS Loaded 1 plugins from local cache
[23/01/26 13:01:02] SYSTEM LOAD_PLUGINS Loaded 1 plugins from local cache
[23/01/26 13:19:12] SYSTEM LOAD_PLUGINS Loaded 1 plugins from local cache
[23/01/26 13:28:18] SYSTEM LOAD_PLUGINS Loaded 1 plugins from local cache
[23/01/26 13:39:41] SYSTEM LOAD_PLUGINS Loaded 1 plugins from local cache
[23/01/26 14:01:29] SYSTEM LOAD_PLUGINS Loaded 1 plugins from local cache
[23/01/26 14:06:03] SYSTEM LOAD_PLUGINS Loaded 1 plugins from local cache
[23/01/26 14:09:43] SYSTEM LOAD_PLUGINS Loaded 1 plugins from local cache
[23/01/26 14:16:52] SYSTEM LOAD_PLUGINS Loaded 1 plugins from local cache
[23/01/26 15:39:36] SYSTEM LOAD_PLUGINS Loaded 1 plugins from local cache
[28/01/26 15:50:49] SYSTEM LOAD_PLUGINS Loaded 1 plugins from local cache
[28/01/26 16:48:48] SYSTEM LOAD_PLUGINS Loaded 1 plugins from local cache
[29/01/26 13:21:30] SYSTEM LOAD_PLUGINS Loaded 1 plugins from local cache
[30/01/26 19:29:25] SYSTEM LOAD_PLUGINS Loaded 1 plugins from local cache
[30/01/26 19:45:31] SYSTEM LOAD_PLUGINS Loaded 1 plugins from local cache
[30/01/26 20:29:17] SYSTEM LOAD_PLUGINS Loaded 1 plugins from local cache
[31/01/26 01:19:07] SYSTEM LOAD_PLUGINS Loaded 1 plugins from local cache
[31/01/26 01:36:52] SYSTEM LOAD_PLUGINS Loaded 1 plugins from local cache
[31/01/26 14:33:42] SYSTEM LOAD_PLUGINS Loaded 1 plugins from local cache
[31/01/26 20:26:59] SYSTEM LOAD_PLUGINS Loaded 1 plugins from local cache
[01/02/26 21:15:56] SYSTEM LOAD_PLUGINS Loaded 1 plugins from local cache
[01/02/26 22:30:47] SYSTEM LOAD_PLUGINS Loaded 1 plugins from local cache
[01/02/26 22:53:35] SYSTEM LOAD_PLUGINS Loaded 1 plugins from local cache
[02/02/26 16:56:33] SYSTEM LOAD_PLUGINS Loaded 1 plugins from local cache
[03/02/26 14:13:47] SYSTEM LOAD_PLUGINS Loaded 1 plugins from local cache
[03/02/26 15:50:29] SYSTEM LOAD_PLUGINS Loaded 1 plugins from local cache
[03/02/26 16:57:44] SYSTEM LOAD_PLUGINS Loaded 1 plugins from local cache
[11/02/26 14:13:32] SYSTEM LOAD_PLUGINS Loaded 1 plugins from local cache
[28/02/26 23:26:13] SYSTEM LOAD_PLUGINS Loaded 1 plugins from local cache
[02/03/26 20:25:57] SYSTEM LOAD_PLUGINS Loaded 1 plugins from local cache
[11/03/26 17:22:40] SYSTEM LOAD_PLUGINS Loaded 1 plugins from local cache
[11/03/26 23:28:00] SYSTEM LOAD_PLUGINS Loaded 1 plugins from local cache
[15/03/26 13:26:14] SYSTEM LOAD_PLUGINS Loaded 1 plugins from local cache
[15/03/26 13:58:50] SYSTEM LOAD_PLUGINS Loaded 1 plugins from local cache
[19/03/26 23:31:41] SYSTEM LOAD_PLUGINS Loaded 1 plugins from local cache
[24/03/26 12:38:17] SYSTEM LOAD_PLUGINS Loaded 1 plugins from local cache
[25/03/26 17:12:11] SYSTEM LOAD_PLUGINS Loaded 1 plugins from local cache
[27/03/26 00:34:51] SYSTEM LOAD_PLUGINS Loaded 1 plugins from local cache
[28/03/26 23:36:50] SYSTEM LOAD_PLUGINS Loaded 1 plugins from local cache
[02/04/26 22:24:21] SYSTEM LOAD_PLUGINS Loaded 1 plugins from local cache
[04/04/26 15:32:10] SYSTEM LOAD_PLUGINS Loaded 1 plugins from local cache
[04/04/26 15:44:28] SYSTEM LOAD_PLUGINS Loaded 1 plugins from local cache
[07/04/26 21:58:18] SYSTEM LOAD_PLUGINS Loaded 1 plugins from local cache
[09/04/26 21:16:02] SYSTEM LOAD_PLUGINS Loaded 1 plugins from local cache
[09/04/26 22:17:29] SYSTEM LOAD_PLUGINS Loaded 1 plugins from local cache
[10/04/26 21:10:18] SYSTEM LOAD_PLUGINS Loaded 1 plugins from local cache
[10/04/26 21:39:10] SYSTEM LOAD_PLUGINS Loaded 1 plugins from local cache
[10/04/26 21:44:30] SYSTEM LOAD_PLUGINS Loaded 1 plugins from local cache
[10/04/26 21:48:11] SYSTEM LOAD_PLUGINS Loaded 1 plugins from local cache
[10/04/26 21:54:10] SYSTEM LOAD_PLUGINS Loaded 1 plugins from local cache
[11/04/26 20:31:43] SYSTEM LOAD_PLUGINS Loaded 1 plugins from local cache
[11/04/26 22:38:24] SYSTEM LOAD_PLUGINS Loaded 1 plugins from local cache
[12/04/26 22:18:42] SYSTEM LOAD_PLUGINS Loaded 1 plugins from local cache
[12/04/26 22:25:33] SYSTEM LOAD_PLUGINS Loaded 1 plugins from local cache
[12/04/26 23:02:21] SYSTEM LOAD_PLUGINS Loaded 1 plugins from local cache
[12/04/26 23:07:32] SYSTEM LOAD_PLUGINS Loaded 1 plugins from local cache
[12/04/26 23:16:04] SYSTEM LOAD_PLUGINS Loaded 1 plugins from local cache
[12/04/26 23:20:48] SYSTEM LOAD_PLUGINS Loaded 1 plugins from local cache
[13/04/26 11:25:45] SYSTEM LOAD_PLUGINS Loaded 1 plugins from local cache
[14/04/26 18:17:05] SYSTEM LOAD_PLUGINS Loaded 1 plugins from local cache
[15/04/26 23:05:05] SYSTEM LOAD_PLUGINS Loaded 1 plugins from local cache
[15/04/26 23:17:24] SYSTEM LOAD_PLUGINS Loaded 1 plugins from local cache
[16/04/26 15:30:43] SYSTEM LOAD_PLUGINS Loaded 1 plugins from local cache
[16/04/26 16:29:56] SYSTEM LOAD_PLUGINS Loaded 1 plugins from local cache
[16/04/26 17:02:13] SYSTEM LOAD_PLUGINS Loaded 1 plugins from local cache
[17/04/26 13:37:18] SYSTEM LOAD_PLUGINS Loaded 1 plugins from local cache
[17/04/26 20:20:07] SYSTEM LOAD_PLUGINS Loaded 1 plugins from local cache
[18/04/26 16:22:00] SYSTEM LOAD_PLUGINS Loaded 1 plugins from local cache
[18/04/26 16:59:39] SYSTEM LOAD_PLUGINS Loaded 1 plugins from local cache
[20/04/26 12:21:27] SYSTEM LOAD_PLUGINS Loaded 1 plugins from local cache
[21/04/26 12:48:41] SYSTEM LOAD_PLUGINS Loaded 1 plugins from local cache
[22/04/26 23:57:16] SYSTEM LOAD_PLUGINS Loaded 1 plugins from local cache
[26/04/26 23:31:06] SYSTEM LOAD_PLUGINS Loaded 1 plugins from local cache
[28/04/26 10:44:59] SYSTEM LOAD_PLUGINS Loaded 1 plugins from local cache
[03/05/26 23:41:20] SYSTEM LOAD_PLUGINS Loaded 1 plugins from local cache
[06/05/26 23:11:56] SYSTEM LOAD_PLUGINS Loaded 1 plugins from local cache
[07/05/26 19:34:57] SYSTEM LOAD_PLUGINS Loaded 1 plugins from local cache
[07/05/26 22:40:02] SYSTEM LOAD_PLUGINS Loaded 1 plugins from local cache
[07/05/26 23:26:23] SYSTEM LOAD_PLUGINS Loaded 1 plugins from local cache
[07/05/26 23:33:42] SYSTEM LOAD_PLUGINS Loaded 1 plugins from local cache
[08/05/26 00:21:34] SYSTEM LOAD_PLUGINS Loaded 1 plugins from local cache
[08/05/26 00:32:49] SYSTEM LOAD_PLUGINS Loaded 1 plugins from local cache
[08/05/26 00:37:19] SYSTEM LOAD_PLUGINS Loaded 1 plugins from local cache
[08/05/26 00:42:44] SYSTEM LOAD_PLUGINS Loaded 1 plugins from local cache
[08/05/26 00:56:47] SYSTEM LOAD_PLUGINS Loaded 1 plugins from local cache
[08/05/26 01:24:14] SYSTEM LOAD_PLUGINS Loaded 1 plugins from local cache
[08/05/26 01:30:51] SYSTEM LOAD_PLUGINS Loaded 1 plugins from local cache
[08/05/26 11:53:11] SYSTEM LOAD_PLUGINS Loaded 1 plugins from local cache
[08/05/26 15:37:00] SYSTEM LOAD_PLUGINS Loaded 1 plugins from local cache
[08/05/26 22:58:50] SYSTEM LOAD_PLUGINS Loaded 1 plugins from local cache
[08/05/26 23:09:02] SYSTEM LOAD_PLUGINS Loaded 1 plugins from local cache
[08/05/26 23:24:21] SYSTEM LOAD_PLUGINS Loaded 1 plugins from local cache
[08/05/26 23:32:11] SYSTEM LOAD_PLUGINS Loaded 1 plugins from local cache
[08/05/26 23:49:01] SYSTEM LOAD_PLUGINS Loaded 1 plugins from local cache
[09/05/26 01:19:46] SYSTEM LOAD_PLUGINS Loaded 1 plugins from local cache
[09/05/26 12:36:28] SYSTEM LOAD_PLUGINS Loaded 1 plugins from local cache
[09/05/26 14:37:39] SYSTEM LOAD_PLUGINS Loaded 1 plugins from local cache
[09/05/26 15:07:06] SYSTEM LOAD_PLUGINS Loaded 1 plugins from local cache
[09/05/26 23:08:10] SYSTEM LOAD_PLUGINS Loaded 1 plugins from local cache
[10/05/26 01:29:54] SYSTEM LOAD_PLUGINS Loaded 1 plugins from local cache
[10/05/26 02:02:19] SYSTEM LOAD_PLUGINS Loaded 1 plugins from local cache
[10/05/26 11:36:28] SYSTEM LOAD_PLUGINS Loaded 1 plugins from local cache
[10/05/26 20:48:49] SYSTEM LOAD_PLUGINS Loaded 1 plugins from local cache
[11/05/26 00:08:35] SYSTEM LOAD_PLUGINS Loaded 1 plugins from local cache
[11/05/26 12:43:40] SYSTEM LOAD_PLUGINS Loaded 1 plugins from local cache
[13/05/26 11:16:32] SYSTEM LOAD_PLUGINS Loaded 1 plugins from local cache
[13/05/26 11:29:51] SYSTEM LOAD_PLUGINS Loaded 1 plugins from local cache
[14/05/26 12:22:46] SYSTEM LOAD_PLUGINS Loaded 1 plugins from local cache
[15/05/26 00:41:22] SYSTEM LOAD_PLUGINS Loaded 1 plugins from local cache
[15/05/26 14:54:34] SYSTEM LOAD_PLUGINS Loaded 1 plugins from local cache
[15/05/26 22:56:39] SYSTEM LOAD_PLUGINS Loaded 1 plugins from local cache
[16/05/26 12:15:21] SYSTEM LOAD_PLUGINS Loaded 1 plugins from local cache
[17/05/26 11:01:00] SYSTEM LOAD_PLUGINS Loaded 1 plugins from local cache
[18/05/26 23:07:20] SYSTEM LOAD_PLUGINS Loaded 1 plugins from local cache
[19/05/26 01:52:43] SYSTEM LOAD_PLUGINS Loaded 1 plugins from local cache
[19/05/26 14:11:50] SYSTEM LOAD_PLUGINS Loaded 1 plugins from local cache
[19/05/26 21:35:33] SYSTEM LOAD_PLUGINS Loaded 1 plugins from local cache
[19/05/26 22:18:07] SYSTEM LOAD_PLUGINS Loaded 1 plugins from local cache
[19/05/26 23:42:33] SYSTEM LOAD_PLUGINS Loaded 1 plugins from local cache
[20/05/26 20:19:39] SYSTEM LOAD_PLUGINS Loaded 1 plugins from local cache
[20/05/26 23:05:23] SYSTEM LOAD_PLUGINS Loaded 1 plugins from local cache
[21/05/26 12:17:51] SYSTEM LOAD_PLUGINS Loaded 1 plugins from local cache
[21/05/26 22:29:09] SYSTEM LOAD_PLUGINS Loaded 1 plugins from local cache
[22/05/26 21:12:08] SYSTEM LOAD_PLUGINS Loaded 1 plugins from local cache
[23/05/26 22:23:46] SYSTEM LOAD_PLUGINS Loaded 1 plugins from local cache
[24/05/26 11:47:00] SYSTEM LOAD_PLUGINS Loaded 1 plugins from local cache
[25/05/26 12:21:01] SYSTEM LOAD_PLUGINS Loaded 1 plugins from local cache
[27/05/26 01:11:19] SYSTEM LOAD_PLUGINS Loaded 1 plugins from local cache
[27/05/26 11:56:52] SYSTEM LOAD_PLUGINS Loaded 1 plugins from local cache
[27/05/26 23:38:20] SYSTEM LOAD_PLUGINS Loaded 1 plugins from local cache
[28/05/26 00:16:31] SYSTEM LOAD_PLUGINS Loaded 1 plugins from local cache
[28/05/26 23:42:47] SYSTEM LOAD_PLUGINS Loaded 1 plugins from local cache
[29/05/26 14:12:42] SYSTEM LOAD_PLUGINS Loaded 1 plugins from local cache
[29/05/26 20:45:56] SYSTEM LOAD_PLUGINS Loaded 1 plugins from local cache
[30/05/26 16:09:57] SYSTEM LOAD_PLUGINS Loaded 1 plugins from local cache
[31/05/26 11:08:13] SYSTEM LOAD_PLUGINS Loaded 1 plugins from local cache
[31/05/26 16:30:06] SYSTEM LOAD_PLUGINS Loaded 1 plugins from local cache
[31/05/26 17:18:38] SYSTEM LOAD_PLUGINS Loaded 1 plugins from local cache
[01/06/26 15:13:02] SYSTEM LOAD_PLUGINS Loaded 1 plugins from local cache
[01/06/26 20:07:56] SYSTEM LOAD_PLUGINS Loaded 1 plugins from local cache
[02/06/26 13:07:44] SYSTEM LOAD_PLUGINS Loaded 1 plugins from local cache
[02/06/26 14:18:16] SYSTEM LOAD_PLUGINS Loaded 1 plugins from local cache
[02/06/26 17:35:53] SYSTEM LOAD_PLUGINS Loaded 1 plugins from local cache
[02/06/26 18:11:39] SYSTEM LOAD_PLUGINS Loaded 1 plugins from local cache
[03/06/26 12:40:15] SYSTEM LOAD_PLUGINS Loaded 1 plugins from local cache
[04/06/26 21:58:20] SYSTEM LOAD_PLUGINS Loaded 1 plugins from local cache
[05/06/26 16:58:04] SYSTEM LOAD_PLUGINS Loaded 1 plugins from local cache
[06/06/26 12:07:22] SYSTEM LOAD_PLUGINS Loaded 1 plugins from local cache
[06/06/26 17:53:27] SYSTEM LOAD_PLUGINS Loaded 1 plugins from local cache
[06/06/26 23:08:47] SYSTEM LOAD_PLUGINS Loaded 1 plugins from local cache
[08/06/26 14:47:30] SYSTEM LOAD_PLUGINS Loaded 1 plugins from local cache
[08/06/26 14:54:02] SYSTEM LOAD_PLUGINS Loaded 1 plugins from local cache
[09/06/26 11:17:59] SYSTEM LOAD_PLUGINS Loaded 1 plugins from local cache
[10/06/26 12:24:57] SYSTEM LOAD_PLUGINS Loaded 1 plugins from local cache
[11/06/26 20:20:06] SYSTEM LOAD_PLUGINS Loaded 1 plugins from local cache
[13/06/26 22:09:10] SYSTEM LOAD_PLUGINS Loaded 1 plugins from local cache
[14/06/26 12:45:46] SYSTEM LOAD_PLUGINS Loaded 1 plugins from local cache
[15/06/26 19:51:38] SYSTEM LOAD_PLUGINS Loaded 1 plugins from local cache
[15/06/26 20:52:23] SYSTEM LOAD_PLUGINS Loaded 1 plugins from local cache
[16/06/26 12:12:24] SYSTEM LOAD_PLUGINS Loaded 1 plugins from local cache
[17/06/26 14:42:26] SYSTEM LOAD_PLUGINS Loaded 1 plugins from local cache
[17/06/26 17:45:34] SYSTEM LOAD_PLUGINS Loaded 1 plugins from local cache
[17/06/26 21:47:20] SYSTEM LOAD_PLUGINS Loaded 1 plugins from local cache
[17/06/26 21:52:25] SYSTEM LOAD_PLUGINS Loaded 1 plugins from local cache
[19/06/26 10:55:16] SYSTEM LOAD_PLUGINS Loaded 1 plugins from local cache
[19/06/26 17:27:37] SYSTEM LOAD_PLUGINS Loaded 1 plugins from local cache
[19/06/26 20:15:22] SYSTEM LOAD_PLUGINS Loaded 1 plugins from local cache
[19/06/26 20:32:28] SYSTEM LOAD_PLUGINS Loaded 1 plugins from local cache
[20/06/26 01:33:11] SYSTEM LOAD_PLUGINS Loaded 1 plugins from local cache
[21/06/26 00:55:01] SYSTEM LOAD_PLUGINS Loaded 1 plugins from local cache
[23/06/26 00:57:49] SYSTEM LOAD_PLUGINS Loaded 1 plugins from local cache
[23/06/26 20:08:20] SYSTEM LOAD_PLUGINS Loaded 1 plugins from local cache
[24/06/26 00:21:44] SYSTEM LOAD_PLUGINS Loaded 1 plugins from local cache
[24/06/26 20:04:24] SYSTEM LOAD_PLUGINS Loaded 1 plugins from local cache
[25/06/26 18:27:48] SYSTEM LOAD_PLUGINS Loaded 1 plugins from local cache
[26/06/26 21:23:32] SYSTEM LOAD_PLUGINS Loaded 1 plugins from local cache
[27/06/26 13:17:42] SYSTEM LOAD_PLUGINS Loaded 1 plugins from local cache
[28/06/26 15:51:35] SYSTEM LOAD_PLUGINS Loaded 1 plugins from local cache
[30/06/26 00:57:27] SYSTEM LOAD_PLUGINS Loaded 1 plugins from local cache
[30/06/26 14:15:05] SYSTEM LOAD_PLUGINS Loaded 1 plugins from local cache
[30/06/26 16:34:16] SYSTEM LOAD_PLUGINS Loaded 1 plugins from local cache
[01/07/26 23:18:46] SYSTEM LOAD_PLUGINS Loaded 1 plugins from local cache
[02/07/26 00:46:52] SYSTEM LOAD_PLUGINS Loaded 1 plugins from local cache
[02/07/26 01:22:46] SYSTEM LOAD_PLUGINS Loaded 1 plugins from local cache
[02/07/26 17:58:37] SYSTEM LOAD_PLUGINS Loaded 1 plugins from local cache
[02/07/26 20:58:53] SYSTEM LOAD_PLUGINS Loaded 1 plugins from local cache
[03/07/26 10:51:45] SYSTEM LOAD_PLUGINS Loaded 1 plugins from local cache
[03/07/26 19:44:21] SYSTEM LOAD_PLUGINS Loaded 1 plugins from local cache
[04/07/26 22:27:22] SYSTEM LOAD_PLUGINS Loaded 1 plugins from local cache
[04/07/26 22:38:01] SYSTEM LOAD_PLUGINS Loaded 1 plugins from local cache
[05/07/26 10:05:35] SYSTEM LOAD_PLUGINS Loaded 1 plugins from local cache
[05/07/26 17:19:48] SYSTEM LOAD_PLUGINS Loaded 1 plugins from local cache
[05/07/26 18:11:20] SYSTEM LOAD_PLUGINS Loaded 1 plugins from local cache
[05/07/26 18:17:36] SYSTEM LOAD_PLUGINS Loaded 1 plugins from local cache
[05/07/26 21:48:01] SYSTEM LOAD_PLUGINS Loaded 1 plugins from local cache
[06/07/26 22:06:09] SYSTEM LOAD_PLUGINS Loaded 1 plugins from local cache
[07/07/26 22:15:53] SYSTEM LOAD_PLUGINS Loaded 1 plugins from local cache
[08/07/26 17:43:22] SYSTEM LOAD_PLUGINS Loaded 1 plugins from local cache
[08/07/26 17:53:47] SYSTEM LOAD_PLUGINS Loaded 1 plugins from local cache
[08/07/26 17:59:04] SYSTEM LOAD_PLUGINS Loaded 1 plugins from local cache
[08/07/26 22:07:06] SYSTEM LOAD_PLUGINS Loaded 1 plugins from local cache
[08/07/26 22:30:31] SYSTEM LOAD_PLUGINS Loaded 1 plugins from local cache
[09/07/26 09:44:15] SYSTEM LOAD_PLUGINS Loaded 1 plugins from local cache
[09/07/26 16:54:42] SYSTEM LOAD_PLUGINS Loaded 1 plugins from local cache
[10/07/26 19:44:44] SYSTEM LOAD_PLUGINS Loaded 1 plugins from local cache
[11/07/26 11:57:11] SYSTEM LOAD_PLUGINS Loaded 1 plugins from local cache
[13/07/26 01:32:27] SYSTEM LOAD_PLUGINS Loaded 1 plugins from local cache
[13/07/26 11:43:56] SYSTEM LOAD_PLUGINS Loaded 1 plugins from local cache
[16/07/26 21:34:52] SYSTEM LOAD_PLUGINS Loaded 1 plugins from local cache
[18/07/26 17:23:22] SYSTEM LOAD_PLUGINS Loaded 1 plugins from local cache
[19/07/26 00:43:30] SYSTEM LOAD_PLUGINS Loaded 1 plugins from local cache
[19/07/26 14:59:43] SYSTEM LOAD_PLUGINS Loaded 1 plugins from local cache
[20/07/26 23:05:14] SYSTEM LOAD_PLUGINS Loaded 1 plugins from local cache
[23/07/26 01:04:33] SYSTEM LOAD_PLUGINS Loaded 1 plugins from local cache
[23/07/26 01:35:49] SYSTEM LOAD_PLUGINS Loaded 1 plugins from local cache
[23/07/26 15:48:39] SYSTEM LOAD_PLUGINS Loaded 1 plugins from local cache
[23/07/26 22:48:34] SYSTEM LOAD_PLUGINS Loaded 1 plugins from local cache
[24/07/26 00:27:35] SYSTEM LOAD_PLUGINS Loaded 1 plugins from local cache
[24/07/26 01:15:58] SYSTEM LOAD_PLUGINS Loaded 1 plugins from local cache
[24/07/26 02:02:58] SYSTEM LOAD_PLUGINS Loaded 1 plugins from local cache
[24/07/26 14:02:24] SYSTEM LOAD_PLUGINS Loaded 1 plugins from local cache
[24/07/26 16:20:27] SYSTEM LOAD_PLUGINS Loaded 1 plugins from local cache
[24/07/26 16:50:33] SYSTEM LOAD_PLUGINS Loaded 1 plugins from local cache
[24/07/26 18:14:02] SYSTEM LOAD_PLUGINS Loaded 1 plugins from local cache
[24/07/26 23:13:20] SYSTEM LOAD_PLUGINS Loaded 1 plugins from local cache
[24/07/26 23:31:50] SYSTEM LOAD_PLUGINS Loaded 1 plugins from local cache
[24/07/26 23:53:12] SYSTEM LOAD_PLUGINS Loaded 1 plugins from local cache
[25/07/26 00:05:52] SYSTEM LOAD_PLUGINS Loaded 1 plugins from local cache
[25/07/26 00:17:15] SYSTEM LOAD_PLUGINS Loaded 1 plugins from local cache
[25/07/26 00:33:11] SYSTEM LOAD_PLUGINS Loaded 1 plugins from local cache
[25/07/26 00:43:47] SYSTEM LOAD_PLUGINS Loaded 1 plugins from local cache
[30/07/26 00:26:50] SYSTEM LOAD_PLUGINS Loaded 1 plugins from local cache
[31/07/26 12:03:14] SYSTEM LOAD_PLUGINS Loaded 1 plugins from local cache
[02/08/26 14:38:55] SYSTEM LOAD_PLUGINS Loaded 1 plugins from local cache
[02/08/26 21:15:02] SYSTEM LOAD_PLUGINS Loaded 1 plugins from local cache
[02/08/26 21:15:03] SYSTEM LOAD_PLUGINS Loaded 0 plugins from adapter cache
[03/08/26 10:25:39] SYSTEM LOAD_PLUGINS Loaded 1 plugins from local cache
[03/08/26 10:25:40] SYSTEM LOAD_PLUGINS Loaded 0 plugins from adapter cache
[04/08/26 15:14:47] SYSTEM LOAD_PLUGINS Loaded 1 plugins from local cache
[04/08/26 15:14:47] SYSTEM LOAD_PLUGINS Loaded 0 plugins from adapter cache
