[16:43:50] [main/INFO]: Loading Minecraft 26.2 with Fabric Loader 0.19.3
[16:43:51] [main/INFO]: Loading 181 mods:
	- ambientsounds 6.3.6
	- appleskin 3.0.10+mc26.2
	- axiom 5.5.0
	   |-- com_moulberry_axiomclientapi-unobf 1.0.49
	   \-- lattice 2.0.1+26.1
	- c2me 0.4.2-alpha.0.35+26.2
	   |-- c2me-base 0.4.2-alpha.0.35+26.2
	   |-- c2me-client-uncapvd 0.4.2-alpha.0.35+26.2
	   |-- c2me-fixes-chunkio-threading-issues 0.4.2-alpha.0.35+26.2
	   |-- c2me-fixes-general-threading-issues 0.4.2-alpha.0.35+26.2
	   |-- c2me-fixes-worldgen-threading-issues 0.4.2-alpha.0.35+26.2
	   |-- c2me-fixes-worldgen-vanilla-bugs 0.4.2-alpha.0.35+26.2
	   |-- c2me-notickvd 0.4.2-alpha.0.35+26.2
	   |-- c2me-opts-allocs 0.4.2-alpha.0.35+26.2
	   |-- c2me-opts-chunkio 0.4.2-alpha.0.35+26.2
	   |-- c2me-opts-dfc 0.4.2-alpha.0.35+26.2
	   |-- c2me-opts-math 0.4.2-alpha.0.35+26.2
	   |-- c2me-opts-natives-math 0.4.2-alpha.0.35+26.2
	   |-- c2me-opts-scheduling 0.4.2-alpha.0.35+26.2
	   |-- c2me-opts-worldgen-general 0.4.2-alpha.0.35+26.2
	   |-- c2me-opts-worldgen-vanilla 0.4.2-alpha.0.35+26.2
	   |-- c2me-rewrites-chunk-serializer 0.4.2-alpha.0.35+26.2
	   |-- c2me-rewrites-chunk-system 0.4.2-alpha.0.35+26.2
	   |-- c2me-rewrites-chunkio 0.4.2-alpha.0.35+26.2
	   |-- c2me-server-utils 0.4.2-alpha.0.35+26.2
	   |-- c2me-threading-lighting 0.4.2-alpha.0.35+26.2
	   |-- com_electronwill_night-config_core 3.6.5
	   |-- com_electronwill_night-config_toml 3.6.5
	   |-- com_github_ben-manes_caffeine_caffeine 3.2.1
	   |-- com_ibm_async_asyncutil 0.1.0
	   |-- io_reactivex_rxjava3_rxjava 3.1.12
	   |-- mixinsquared 0.3.7-beta.1
	   |-- net_objecthunter_exp4j 0.4.8
	   |-- org_jctools_jctools-core 4.0.5
	   \-- org_reactivestreams_reactive-streams 1.0.4
	- chat_heads 1.2.7
	- chunky 1.5.3
	- cloth-config 26.2.155
	   \-- cloth-basic-math 0.6.1
	- continuity 3.0.1+26.2
	- creativecore 2.14.16
	   \-- net_neoforged_bus 7.2.0
	- eg_particle_interactions 0.10.1+26.2
	- emotecraft 3.4.0-b.build.162
	   |-- net_raphimc_noteblocklib 3.2.1
	   |-- org_redlance_emotecraftlibrary_game-sdk 2.2.0
	   \-- translationfallbacks 1.2.0+mc.26.1-snapshot-10
	- entity_model_features 3.2.6
	- entity_texture_features 7.1.1
	- entityculling 1.10.5
	   |-- transition 1.0.21
	   \-- trender 1.0.15
	- essential-container 1.0.0
	   \-- essential-loader 1.3.2
	- fabric-api 0.156.0+26.2
	   |-- fabric-api-base 2.0.4+ece063239e
	   |-- fabric-api-lookup-api-v1 2.0.17+11e1c9a39e
	   |-- fabric-biome-api-v1 18.0.6+c7bd5b8e9e
	   |-- fabric-block-api-v1 3.0.3+ec56b6019e
	   |-- fabric-block-getter-api-v2 2.0.7+ec56b6019e
	   |-- fabric-command-api-v2 3.1.0+00cb03469e
	   |-- fabric-content-registries-v0 11.3.0+d0a699d09e
	   |-- fabric-convention-tags-v2 4.7.0+1f023a9e9e
	   |-- fabric-crash-report-info-v1 1.0.5+086d547a9e
	   |-- fabric-creative-tab-api-v1 5.0.14+d871b99e9e
	   |-- fabric-data-attachment-api-v1 2.2.18+515ac5339e
	   |-- fabric-data-generation-api-v1 25.5.0+aed122aa9e
	   |-- fabric-debug-api-v1 1.0.2+c792624d9e
	   |-- fabric-dimensions-v1 5.1.11+515ac5339e
	   |-- fabric-entity-events-v1 5.0.5+06488ac19e
	   |-- fabric-events-interaction-v0 5.2.7+515ac5339e
	   |-- fabric-game-rule-api-v1 4.0.8+46a6d00c9e
	   |-- fabric-item-api-v1 14.4.0+49a69a7b9e
	   |-- fabric-key-mapping-api-v1 2.0.5+e2bdee789e
	   |-- fabric-lifecycle-events-v1 4.1.3+4575b05f9e
	   |-- fabric-loot-api-v3 3.0.17+06488ac19e
	   |-- fabric-menu-api-v1 2.0.16+086d547a9e
	   |-- fabric-message-api-v1 7.0.7+086d547a9e
	   |-- fabric-model-loading-api-v1 8.0.16+c80601bb9e
	   |-- fabric-networking-api-v1 6.3.3+72073ef09e
	   |-- fabric-object-builder-api-v1 24.1.0+6fcd5f039e
	   |-- fabric-particles-v1 5.0.18+d1756aa99e
	   |-- fabric-permission-api-v1 1.0.4+536fad2f9e
	   |-- fabric-recipe-api-v1 9.0.20+11e1c9a39e
	   |-- fabric-registry-sync-v0 7.1.0+c7bd5b8e9e
	   |-- fabric-renderer-api-v1 14.1.3+2b0d8a229e
	   |-- fabric-renderer-indigo 9.1.3+2b0d8a229e
	   |-- fabric-rendering-fluids-v1 6.0.4+06488ac19e
	   |-- fabric-rendering-v1 25.3.2+515ac5339e
	   |-- fabric-resource-conditions-api-v1 6.1.0+10e9a28b9e
	   |-- fabric-resource-loader-v0 3.3.20+4fc5413f9e
	   |-- fabric-resource-loader-v1 2.0.13+9edec1269e
	   |-- fabric-screen-api-v1 5.1.0+48e3c0b09e
	   |-- fabric-serialization-api-v1 2.0.4+11a26f319e
	   |-- fabric-sound-api-v1 2.0.5+11a26f319e
	   |-- fabric-tag-api-v1 2.1.4+515ac5339e
	   |-- fabric-transfer-api-v1 8.0.12+11dbb7d79e
	   \-- fabric-transitive-access-wideners-v1 8.1.4+67c847259e
	- fabric-language-kotlin 1.13.13+kotlin.2.4.10
	   |-- org_jetbrains_kotlin_kotlin-reflect 2.4.10
	   |-- org_jetbrains_kotlin_kotlin-stdlib 2.4.10
	   |-- org_jetbrains_kotlin_kotlin-stdlib-jdk7 2.4.10
	   |-- org_jetbrains_kotlin_kotlin-stdlib-jdk8 2.4.10
	   |-- org_jetbrains_kotlinx_atomicfu-jvm 0.33.0
	   |-- org_jetbrains_kotlinx_kotlinx-coroutines-core-jvm 1.11.0
	   |-- org_jetbrains_kotlinx_kotlinx-coroutines-jdk8 1.11.0
	   |-- org_jetbrains_kotlinx_kotlinx-datetime-jvm 0.8.0
	   |-- org_jetbrains_kotlinx_kotlinx-io-bytestring-jvm 0.9.1
	   |-- org_jetbrains_kotlinx_kotlinx-io-core-jvm 0.9.1
	   |-- org_jetbrains_kotlinx_kotlinx-serialization-cbor-jvm 1.11.0
	   |-- org_jetbrains_kotlinx_kotlinx-serialization-core-jvm 1.11.0
	   \-- org_jetbrains_kotlinx_kotlinx-serialization-json-jvm 1.11.0
	- fabricloader 0.19.3
	   \-- mixinextras 0.5.4
	- ferritecore 9.0.0
	- fzzy_config 0.7.6+26.2
	   |-- blue_endless_jankson 1.2.3
	   |-- fabric-permissions-api-v0 0.7.0
	   \-- net_peanuuutz_tomlkt_tomlkt-jvm 0.3.7
	- ias 9.0.7+26.2-fabric
	- immediatelyfast 1.16.2+26.2
	- iris 1.11.2+mc26.2
	   |-- io_github_douira_glsl-transformer 3.0.0-pre3
	   |-- org_anarres_jcpp 1.4.14
	   \-- org_antlr_antlr4-runtime 4.13.1
	- jade 26.2.10+fabric
	- java 25
	- jei 30.16.0.134
	- journeymap 26.2-6.0.3
	   |-- ar_com_hjg_pngj 2.1.0
	   |-- commonnetworking 26.2-1.1.0
	   \-- journeymap-api-fabric 26.2-2.0.0
	- litematica 0.28.4
	   \-- conditional-mixin 0.6.4
	- lithium 0.25.3+mc26.2
	- malilib 0.29.3
	   |-- conditional-mixin 0.6.4
	   \-- fabric-api-base 2.0.4+ece063239e
	- mcwws_axiom_survival_client 1.0.0
	- minecraft 26.2
	- modmenu 20.0.1
	   \-- fabric-api-base 2.0.4+ece063239e
	- moreculling 1.8.1
	- notenoughanimations 1.12.4
	   |-- transition 1.0.21
	   \-- trender 1.0.15
	- physicsmod 3.1.46
	- player_animation_library 1.2.5+mc.26.2
	   |-- com_zigythebird_mochafloats 5.0.0
	   \-- org_redlance_common-utils_services 1.3.3
	- reeses-sodium-options 2.2.3+mc26.2
	- resourcify 1.8.5
	- skinlayers3d 1.11.2
	   |-- transition 1.0.21
	   \-- trender 1.0.15
	- smoothgui 2.0.0
	- smoothscroll 2.9.0
	- sodium 0.9.1+mc26.2
	- sodium-extra 0.9.3+mc26.2
	   \-- me_flashyreese_mods_greenlight-api 0.1.0+mc26.2
	- sound_physics_remastered 1.5.1+26.2
	- subtle_effects 1.14.3
	   \-- com_moulberry_mixinconstraints 1.1.0
	- tweakeroo 0.29.2
	   \-- conditional-mixin 0.6.4
	- voxy 0.2.18-beta
	   |-- org_apache_commons_commons-pool2 2.12.0
	   |-- org_lwjgl_lwjgl-lmdb 3.4.1
	   |-- org_lwjgl_lwjgl-lmdb_natives-linux 3.4.1
	   |-- org_lwjgl_lwjgl-lmdb_natives-windows 3.4.1
	   |-- org_lwjgl_lwjgl-zstd 3.4.1
	   |-- org_lwjgl_lwjgl-zstd_natives-linux 3.4.1
	   |-- org_lwjgl_lwjgl-zstd_natives-windows 3.4.1
	   |-- org_lz4_lz4-java 1.8.0
	   |-- org_rocksdb_rocksdbjni 10.2.1
	   |-- org_tukaani_xz 1.10
	   |-- redis_clients_jedis 5.1.0
	   \-- sodiumprovider 0.0.0
	- wi_zoom 1.7-MC26.2
	- worldedit 7.4.5+7590-b8dc4c1
	   |-- fabric-api-base 2.0.4+ece063239e
	   |-- fabric-events-interaction-v0 5.2.7+515ac5339e
	   |-- fabric-permission-api-v1 1.0.4+536fad2f9e
	   \-- worldeditcui_protocol 4.0.3
	- yet_another_config_lib_v3 3.9.6+26.2-fabric
	   |-- com_twelvemonkeys_common_common-image 3.12.0
	   |-- com_twelvemonkeys_common_common-io 3.12.0
	   |-- com_twelvemonkeys_common_common-lang 3.12.0
	   |-- com_twelvemonkeys_imageio_imageio-core 3.12.0
	   |-- com_twelvemonkeys_imageio_imageio-metadata 3.12.0
	   |-- com_twelvemonkeys_imageio_imageio-webp 3.12.0
	   |-- org_quiltmc_parsers_gson 0.2.1
	   \-- org_quiltmc_parsers_json 0.2.1
[16:43:51] [main/INFO]: SpongePowered MIXIN Subsystem Version=0.8.7 Source=file:/D:/Minecraft/%e6%b8%b8%e6%88%8f%e4%b8%bb%e4%bd%93/.minecraft/libraries/net/fabricmc/sponge-mixin/0.17.3+mixin.0.8.7/sponge-mixin-0.17.3+mixin.0.8.7.jar Service=Knot/Fabric Env=CLIENT
[16:43:51] [main/INFO]: Compatibility level set to JAVA_21
[16:43:51] [main/INFO]: Compatibility level set to JAVA_25
[16:43:51] [main/WARN]: Reference map 'ambientsounds.mixins.refmap.json' for ambientsounds.mixins.json could not be read. If this is a development environment you can ignore this message
[16:43:51] [main/INFO]: Loading Mixin Plugin for Axiom/5.5.0
[16:43:51] [main/INFO]: Initializing com.ishland.c2me.base.mixin
[16:43:52] [main/INFO]: Global Executor Parallelism: 14 configured, 14 evaluated, 14 default evaluated
[16:43:52] [main/INFO]: Initializing com.ishland.c2me.client.uncapvd.mixin
[16:43:52] [main/INFO]: Initializing com.ishland.c2me.fixes.chunkio.threading_issues.mixin
[16:43:52] [main/INFO]: Initializing com.ishland.c2me.fixes.general.threading_issues.mixin
[16:43:52] [main/INFO]: Initializing com.ishland.c2me.fixes.worldgen.threading_issues.mixin
[16:43:52] [main/INFO]: Initializing com.ishland.c2me.fixes.worldgen.vanilla_bugs.mixin
[16:43:52] [main/INFO]: Initializing com.ishland.c2me.notickvd.mixin
[16:43:52] [main/INFO]: Initializing com.ishland.c2me.opts.allocs.mixin
[16:43:52] [main/INFO]: Initializing com.ishland.c2me.opts.chunkio.mixin
[16:43:52] [main/INFO]: Initializing com.ishland.c2me.opts.dfc.mixin
[16:43:52] [main/INFO]: Initializing com.ishland.c2me.opts.math.mixin
[16:43:52] [main/INFO]: Initializing com.ishland.c2me.opts.natives_math.mixin
[16:43:52] [main/INFO]: Attempting to call native library. If your game crashes right after this point, native acceleration may not be available for your system.
[16:43:52] [main/INFO]: Detected maximum supported ISA target: AVX2
[16:43:52] [main/INFO]: Initializing com.ishland.c2me.opts.scheduling.mixin
[16:43:52] [main/INFO]: Initializing com.ishland.c2me.opts.worldgen.general.mixin
[16:43:52] [main/INFO]: Initializing com.ishland.c2me.opts.worldgen.vanilla.mixin
[16:43:52] [main/INFO]: Initializing com.ishland.c2me.rewrites.chunk_serializer.mixin
[16:43:52] [main/INFO]: Disabling com.ishland.c2me.rewrites.chunk_serializer.mixin
[16:43:52] [main/INFO]: Initializing com.ishland.c2me.rewrites.chunksystem.mixin
[16:43:52] [main/INFO]: Initializing com.ishland.c2me.rewrites.chunkio.mixin
[16:43:52] [main/INFO]: Initializing com.ishland.c2me.server.utils.mixin
[16:43:52] [main/INFO]: Initializing com.ishland.c2me.threading.lighting.mixin
[16:43:52] [main/WARN]: Reference map 'creativecore.mixins.refmap.json' for creativecore.mixins.json could not be read. If this is a development environment you can ignore this message
[16:43:52] [main/WARN]: Reference map 'creativecore.mixins.refmap.json' for creativecore.fabric.mixins.json could not be read. If this is a development environment you can ignore this message
[16:43:52] [main/WARN]: Reference map 'entityculling.refmap.mixins.json' for entityculling.mixins.json could not be read. If this is a development environment you can ignore this message
[16:43:52] [main/WARN]: Reference map 'iris.refmap.json' for mixins.iris.json could not be read. If this is a development environment you can ignore this message
[16:43:52] [main/WARN]: Reference map 'iris-fabric.refmap.json' for mixins.iris.fabric.json could not be read. If this is a development environment you can ignore this message
[16:43:52] [main/WARN]: Reference map 'iris.refmap.json' for mixins.iris.vertexformat.json could not be read. If this is a development environment you can ignore this message
[16:43:52] [main/WARN]: Reference map 'iris.refmap.json' for mixins.iris.bettermipmaps.json could not be read. If this is a development environment you can ignore this message
[16:43:52] [main/WARN]: Reference map 'iris.refmap.json' for mixins.iris.compat.sodium.json could not be read. If this is a development environment you can ignore this message
[16:43:52] [main/WARN]: Reference map 'iris.refmap.json' for mixins.iris.fixes.maxfpscrash.json could not be read. If this is a development environment you can ignore this message
[16:43:52] [main/INFO]: Loaded configuration file for Lithium: 171 options available, 1 override(s) found.
[16:43:52] [main/WARN]: Reference map 'physics-mod-refmap.json' for physicsmod.mixins.json could not be read. If this is a development environment you can ignore this message
[16:43:52] [main/WARN]: Reference map 'reeses-sodium-options.refmap.json' for reeses-sodium-options.mixins.json could not be read. If this is a development environment you can ignore this message
[16:43:52] [main/WARN]: Reference map 'skinlayers3d.refmap.mixins.json' for skinlayers3d.mixins.json could not be read. If this is a development environment you can ignore this message
[16:43:52] [main/WARN]: Reference map 'smoothgui.refmap.json' for smoothgui.mixins.json could not be read. If this is a development environment you can ignore this message
[16:43:52] [main/INFO]: Loaded configuration file for Sodium: 36 options available, 1 override(s) found
[16:43:52] [main/INFO]: Loaded configuration file for Sodium Extra: 26 options available, 0 override(s) found
[16:43:52] [main/WARN]: Reference map 'subtle_effects.refmap.json' for subtle_effects.mixins.json could not be read. If this is a development environment you can ignore this message
[16:43:52] [main/WARN]: Reference map 'subtle_effects.refmap.json' for subtle_effects.fabric.mixins.json could not be read. If this is a development environment you can ignore this message
[16:43:52] [main/WARN]: Reference map 'yet_another_config_lib_v3.refmap.json' for yacl.mixins.json could not be read. If this is a development environment you can ignore this message
[16:43:52] [main/WARN]: Reference map 'yet_another_config_lib_v3.refmap.json' for yacl-fabric.mixins.json could not be read. If this is a development environment you can ignore this message
[16:43:52] [main/WARN]: Error loading class: me/jellysquid/mods/sodium/client/render/chunk/DefaultChunkRenderer (java.lang.ClassNotFoundException: me/jellysquid/mods/sodium/client/render/chunk/DefaultChunkRenderer)
[16:43:52] [main/WARN]: Error loading class: net/vulkanmod/config/option/Options (java.lang.ClassNotFoundException: net/vulkanmod/config/option/Options)
[16:43:52] [main/WARN]: Error loading class: ca/spottedleaf/starlight/common/integration/v0/ChunkSystemHooks (java.lang.ClassNotFoundException: ca/spottedleaf/starlight/common/integration/v0/ChunkSystemHooks)
[16:43:52] [main/WARN]: @Mixin target ca/spottedleaf/starlight/common/integration/v0/ChunkSystemHooks was not found c2me-rewrites-chunk-system.mixins.json:scalablelux.MixinChunkSystemHooks from mod c2me-rewrites-chunk-system
[16:43:52] [main/WARN]: Error loading class: ca/spottedleaf/starlight/common/thread/SchedulingUtil (java.lang.ClassNotFoundException: ca/spottedleaf/starlight/common/thread/SchedulingUtil)
[16:43:53] [main/WARN]: Error loading class: de/siphalor/amecs/key_modifiers/impl/AmecsKeyModifiersEarlyInit (java.lang.ClassNotFoundException: de/siphalor/amecs/key_modifiers/impl/AmecsKeyModifiersEarlyInit)
[16:43:53] [main/WARN]: @Mixin target de.siphalor.amecs.key_modifiers.impl.AmecsKeyModifiersEarlyInit was not found jei.mixins.json:AmecsKeyModifiersEarlyInitMixin from mod jei
[16:43:53] [main/INFO]: Force-enabling mixin 'compat.worldedit.LevelChunkMixin' as rule 'mixin.compat.worldedit' (added by mods [lithium]) enables it
[16:43:53] [main/WARN]: Error loading class: org/vivecraft/client_vr/VRData$VRDevicePose (java.lang.ClassNotFoundException: org/vivecraft/client_vr/VRData$VRDevicePose)
[16:43:53] [main/WARN]: @Mixin target org.vivecraft.client_vr.VRData$VRDevicePose was not found physicsmod.mixins.json:vivecraft.MixinVRDevicePose from mod physicsmod
[16:43:53] [main/WARN]: Error loading class: net/optifine/shaders/Shaders (java.lang.ClassNotFoundException: net/optifine/shaders/Shaders)
[16:43:53] [main/WARN]: Error loading class: net/optifine/shaders/ShadersCompatibility (java.lang.ClassNotFoundException: net/optifine/shaders/ShadersCompatibility)
[16:43:53] [main/WARN]: Error loading class: net/optifine/shaders/Programs (java.lang.ClassNotFoundException: net/optifine/shaders/Programs)
[16:43:53] [main/WARN]: Error loading class: com/moulberry/flashback/playback/ReplayServer (java.lang.ClassNotFoundException: com/moulberry/flashback/playback/ReplayServer)
[16:43:53] [main/WARN]: @Mixin target com.moulberry.flashback.playback.ReplayServer was not found physicsmod.mixins.json:flashback.MixinReplayServer from mod physicsmod
[16:43:53] [main/WARN]: Error loading class: net/optifine/util/BlockUtils (java.lang.ClassNotFoundException: net/optifine/util/BlockUtils)
[16:43:53] [main/WARN]: Error loading class: ca/spottedleaf/starlight/common/light/StarLightEngine (java.lang.ClassNotFoundException: ca/spottedleaf/starlight/common/light/StarLightEngine)
[16:43:53] [main/WARN]: Error loading class: betterblockentities/client/gui/config/wrapper/GenericConfigWrapper (java.lang.ClassNotFoundException: betterblockentities/client/gui/config/wrapper/GenericConfigWrapper)
[16:43:53] [main/WARN]: Error loading class: dev/emi/emi/screen/StackBatcher (java.lang.ClassNotFoundException: dev/emi/emi/screen/StackBatcher)
[16:43:53] [main/WARN]: Force-disabling mixin 'features.render.world.sky.LevelRendererMixin' as rule 'mixin.features.render.world.sky' (added by mods [iris]) disables it and children
[16:43:53] [main/WARN]: Disabled mixin 'fi.dy.masa.tweakeroo.mixin.fog.sodium_breaks.MixinGameRenderer_disableFog_sodiumBreaks' due to: 'conflicted/unsupported mod sodium@0.9.1+mc26.2 found'
[16:43:53] [main/WARN]: Disabled mixin 'fi.dy.masa.tweakeroo.mixin.freecam.sodium_breaks.MixinLevelRenderer_freeCam_sodiumBreaks' due to: 'conflicted/unsupported mod sodium@0.9.1+mc26.2 found'
[16:43:53] [main/WARN]: Disabled mixin 'fi.dy.masa.tweakeroo.mixin.render.MixinGameRenderer_ViewBob' due to: 'conflicted/unsupported mod iris@1.11.2+mc26.2 found'
[16:43:54] [main/WARN]: Error loading class: com/moulberry/flashback/record/FlashbackMeta (java.lang.ClassNotFoundException: com/moulberry/flashback/record/FlashbackMeta)
[16:43:54] [main/WARN]: @Mixin target com.moulberry.flashback.record.FlashbackMeta was not found client.voxy.mixins.json:flashback.MixinFlashbackMeta from mod voxy
[16:43:54] [main/WARN]: Error loading class: com/moulberry/flashback/record/Recorder (java.lang.ClassNotFoundException: com/moulberry/flashback/record/Recorder)
[16:43:54] [main/WARN]: @Mixin target com.moulberry.flashback.record.Recorder was not found client.voxy.mixins.json:flashback.MixinFlashbackRecorder from mod voxy
[16:43:54] [main/WARN]: Error loading class: me/cortex/nvidium/RenderPipeline (java.lang.ClassNotFoundException: me/cortex/nvidium/RenderPipeline)
[16:43:54] [main/WARN]: @Mixin target me.cortex.nvidium.RenderPipeline was not found client.voxy.mixins.json:nvidium.MixinRenderPipeline from mod voxy
[16:43:55] [main/INFO]: Starting Essential Loader (stage2) version 1.8.0 (fd9925651d7d2a7c4382209f86cf67c6) [stable]
[16:43:55] [main/INFO]: Starting Essential v1.4.1.1 (#31e1806134) [stable]
[16:43:55] [main/INFO]: Java: Java HotSpot(TM) 64-Bit Server VM (v25.0.2) by Oracle Corporation (Oracle Corporation)
[16:43:55] [main/INFO]: Java Path: C:\Program Files\Java\jdk-25.0.2\bin
[16:43:55] [main/INFO]: Java Info: mixed mode, sharing
[16:43:55] [main/INFO]: JVM Arguments: 
  - -Xmx10938m
  - -Dfile.encoding=GB18030
  - -Dstdout.encoding=GB18030
  - -Dstderr.encoding=GB18030
  - -Djava.rmi.server.useCodebaseOnly=true
  - -Dcom.sun.jndi.rmi.object.trustURLCodebase=false
  - -Dcom.sun.jndi.cosnaming.object.trustURLCodebase=false
  - -Dlog4j2.formatMsgNoLookups=true
  - -Dlog4j.configurationFile=D:\Minecraft\ÓÎĎ·Ö÷Ěĺ\.minecraft\versions\26.2\log4j2.xml
  - -Dminecraft.client.jar=D:\Minecraft\ÓÎĎ·Ö÷Ěĺ\.minecraft\versions\26.2\26.2.jar
  - -Djava.net.useSystemProxies=true
  - -XX:+UnlockExperimentalVMOptions
  - -XX:+UnlockDiagnosticVMOptions
  - -XX:+UseG1GC
  - -XX:G1MixedGCCountTarget=5
  - -XX:G1NewSizePercent=20
  - -XX:G1ReservePercent=20
  - -XX:MaxGCPauseMillis=50
  - -XX:G1HeapRegionSize=32m
  - -XX:-OmitStackTraceInFastThrow
  - -XX:-DontCompileHugeMethods
  - -XX:MaxNodeLimit=240000
  - -XX:NodeLimitFudgeFactor=8000
  - -XX:TieredCompileTaskTimeout=10000
  - -XX:ReservedCodeCacheSize=400M
  - -XX:NonNMethodCodeHeapSize=12M
  - -XX:ProfiledCodeHeapSize=194M
  - -XX:NmethodSweepActivity=1
  - -XX:+UseCompactObjectHeaders
  - --sun-misc-unsafe-memory-access=allow
  - -Dfml.ignoreInvalidMinecraftCertificates=true
  - -Dfml.ignorePatchDiscrepancies=true
  - -XX:HeapDumpPath=MojangTricksIntelDriversForPerformance_javaw.exe_minecraft.exe.heapdump
  - --sun-misc-unsafe-memory-access=allow
  - --enable-native-access=ALL-UNNAMED
  - -Djava.library.path=D:\Minecraft\ÓÎĎ·Ö÷Ěĺ\.minecraft\versions\26.2\natives-windows-x86_64/java
  - -Djna.tmpdir=D:\Minecraft\ÓÎĎ·Ö÷Ěĺ\.minecraft\versions\26.2\natives-windows-x86_64/jna
  - -Dorg.lwjgl.system.SharedLibraryExtractPath=D:\Minecraft\ÓÎĎ·Ö÷Ěĺ\.minecraft\versions\26.2\natives-windows-x86_64/lwjgl
  - -Dio.netty.native.workdir=D:\Minecraft\ÓÎĎ·Ö÷Ěĺ\.minecraft\versions\26.2\natives-windows-x86_64/netty
  - -Dminecraft.launcher.brand=HMCL
  - -Dminecraft.launcher.version=3.17.0.352
[16:43:55] [main/INFO]: OS: Windows 11 (v10.0) (Arch: amd64)
[16:43:56] [main/INFO]: Searching for graphics cards...
[16:43:56] [main/INFO]: Found graphics adapter: AdapterInfo{vendor=INTEL, description='Intel(R) RaptorLake-S Mobile Graphics Controller', adapterType=0x0000232B, openglIcdFilePath='C:\Windows\System32\DriverStore\FileRepository\iigd_dch.inf_amd64_a4cee5036c95058a\igxelpicd64.dll', openglIcdVersion=32.0.101.7082}
[16:43:56] [main/INFO]: Found graphics adapter: AdapterInfo{vendor=NVIDIA, description='NVIDIA GeForce RTX 5070 Ti Laptop GPU', adapterType=0x00002313, openglIcdFilePath='C:\WINDOWS\System32\DriverStore\FileRepository\nvcvi.inf_amd64_74ce386506dfea26\nvoglv64.dll', openglIcdVersion=32.0.15.9571}
[16:43:56] [main/INFO]: Initializing MixinExtras via com.llamalad7.mixinextras.service.MixinExtrasServiceImpl(version=0.5.4).
[16:43:56] [main/WARN]: Sodium has applied one or more workarounds to prevent crashes or other issues on your system: [NVIDIA_THREADED_OPTIMIZATIONS_BROKEN]
[16:43:56] [main/WARN]: This is not necessarily an issue, but it may result in certain features or optimizations being disabled. You can sometimes fix these issues by upgrading your graphics driver.
[16:43:58] [Datafixer Bootstrap #0/INFO]: 295 Datafixer optimizations took 583 milliseconds
[16:44:07] [Render thread/INFO]: Environment: Environment[sessionHost=https://sessionserver.mojang.com, servicesHost=https://api.minecraftservices.com, profilesHost=https://api.mojang.com, name=PROD]
[16:44:07] [Render thread/INFO]: Setting user: Ryan_yu__
[16:44:08] [Render thread/INFO]: Starting DI!
[16:44:08] [Render thread/INFO]: Authenticating to Mojang as Ryan_yu__ (d006ba70-4ddc-4b37-b13c-76f190815116)
[16:44:08] [Render thread/INFO]: Initializing Axiom/5.5.0
[16:44:09] [Render thread/INFO]: Instancing error handler class gg.essential.mixins.MixinErrorHandler
[16:44:09] [Render thread/ERROR]: Mixin apply for mod mcwws_axiom_survival_client failed mcwws_axiom_survival_client.mixins.json:EditorUIDisableMixin from mod mcwws_axiom_survival_client -> com.moulberry.axiom.editor.EditorUI: org.spongepowered.asm.mixin.injection.throwables.InvalidInjectionException non-static callback method com/moulberry/axiom/editor/EditorUI::mcwws$disable targets a static method which is not supported [INJECT_PREPARE_LEGACY Applicator Phase -> mcwws_axiom_survival_client.mixins.json:EditorUIDisableMixin from mod mcwws_axiom_survival_client -> Prepare Legacy Injections -> handler$edk000$mcwws_axiom_survival_client$mcwws$disable(Lorg/spongepowered/asm/mixin/injection/callback/CallbackInfo;)V -> Prepare ->  -> { target: disable()V }]
org.spongepowered.asm.mixin.injection.throwables.InvalidInjectionException: non-static callback method com/moulberry/axiom/editor/EditorUI::mcwws$disable targets a static method which is not supported [INJECT_PREPARE_LEGACY Applicator Phase -> mcwws_axiom_survival_client.mixins.json:EditorUIDisableMixin from mod mcwws_axiom_survival_client -> Prepare Legacy Injections -> handler$edk000$mcwws_axiom_survival_client$mcwws$disable(Lorg/spongepowered/asm/mixin/injection/callback/CallbackInfo;)V -> Prepare ->  -> { target: disable()V }]
	at org.spongepowered.asm.mixin.injection.code.Injector.checkTargetModifiers(Injector.java:371)
	at org.spongepowered.asm.mixin.injection.callback.CallbackInjector.sanityCheck(CallbackInjector.java:427)
	at org.spongepowered.asm.mixin.injection.code.Injector.find(Injector.java:245)
	at org.spongepowered.asm.mixin.injection.struct.InjectionInfo.prepare(InjectionInfo.java:475)
	at org.spongepowered.asm.mixin.transformer.MixinTargetContext.prepareInjections(MixinTargetContext.java:1394)
	at org.spongepowered.asm.mixin.transformer.MixinApplicatorStandard.prepareInjections(MixinApplicatorStandard.java:811)
	at org.spongepowered.asm.mixin.transformer.MixinApplicatorStandard.lambda$runApplicatorPass$3(MixinApplicatorStandard.java:323)
	at org.spongepowered.asm.mixin.transformer.MixinApplicatorStandard.processMixins(MixinApplicatorStandard.java:381)
	at org.spongepowered.asm.mixin.transformer.MixinApplicatorStandard.runApplicatorPass(MixinApplicatorStandard.java:320)
	at org.spongepowered.asm.mixin.transformer.MixinApplicatorStandard.apply(MixinApplicatorStandard.java:240)
	at org.spongepowered.asm.mixin.transformer.TargetClassContext.apply(TargetClassContext.java:437)
	at org.spongepowered.asm.mixin.transformer.TargetClassContext.applyMixins(TargetClassContext.java:418)
	at org.spongepowered.asm.mixin.transformer.MixinProcessor.applyMixins(MixinProcessor.java:351)
	at org.spongepowered.asm.mixin.transformer.MixinTransformer.transformClass(MixinTransformer.java:237)
	at org.spongepowered.asm.mixin.transformer.MixinTransformer.transformClassBytes(MixinTransformer.java:202)
	at net.fabricmc.loader.impl.launch.knot.KnotClassDelegate.getPostMixinClassByteArray(KnotClassDelegate.java:435)
	at net.fabricmc.loader.impl.launch.knot.KnotClassDelegate.tryLoadClass(KnotClassDelegate.java:336)
	at net.fabricmc.loader.impl.launch.knot.KnotClassDelegate.loadClass(KnotClassDelegate.java:231)
	at net.fabricmc.loader.impl.launch.knot.KnotClassLoader.loadClass(KnotClassLoader.java:119)
	at java.base/java.lang.ClassLoader.loadClass(ClassLoader.java:490)
	at knot//com.moulberry.axiom.editor.palette.EditorPalette.onChanged(EditorPalette.java:360)
	at knot//com.moulberry.axiom.editor.palette.EditorPalette.addBlock(EditorPalette.java:375)
	at knot//com.moulberry.axiom.editor.palette.EditorPalette$TypeAdapter.deserialize(EditorPalette.java:69)
	at knot//com.moulberry.axiom.editor.palette.EditorPalette$TypeAdapter.deserialize(EditorPalette.java:49)
	at knot//com.google.gson.internal.bind.TreeTypeAdapter.read(TreeTypeAdapter.java:95)
	at knot//com.google.gson.internal.bind.TypeAdapterRuntimeTypeWrapper.read(TypeAdapterRuntimeTypeWrapper.java:40)
	at knot//com.google.gson.internal.bind.MapTypeAdapterFactory$Adapter.read(MapTypeAdapterFactory.java:203)
	at knot//com.google.gson.internal.bind.MapTypeAdapterFactory$Adapter.read(MapTypeAdapterFactory.java:161)
	at knot//com.google.gson.Gson.fromJson(Gson.java:1080)
	at knot//com.google.gson.Gson.fromJson(Gson.java:1193)
	at knot//com.google.gson.Gson.fromJson(Gson.java:1164)
	at knot//com.google.gson.internal.bind.TreeTypeAdapter$GsonContextImpl.deserialize(TreeTypeAdapter.java:206)
	at knot//com.moulberry.axiom.editor.palette.EditorPalette$TypeAdapter.deserialize(EditorPalette.java:54)
	at knot//com.moulberry.axiom.editor.palette.EditorPalette$TypeAdapter.deserialize(EditorPalette.java:49)
	at knot//com.google.gson.internal.bind.TreeTypeAdapter.read(TreeTypeAdapter.java:95)
	at knot//com.google.gson.internal.bind.ReflectiveTypeAdapterFactory$2.readIntoField(ReflectiveTypeAdapterFactory.java:271)
	at knot//com.google.gson.internal.bind.ReflectiveTypeAdapterFactory$FieldReflectionAdapter.readField(ReflectiveTypeAdapterFactory.java:559)
	at knot//com.google.gson.internal.bind.ReflectiveTypeAdapterFactory$Adapter.read(ReflectiveTypeAdapterFactory.java:517)
	at knot//com.google.gson.internal.bind.ReflectiveTypeAdapterFactory$2.readIntoField(ReflectiveTypeAdapterFactory.java:271)
	at knot//com.google.gson.internal.bind.ReflectiveTypeAdapterFactory$FieldReflectionAdapter.readField(ReflectiveTypeAdapterFactory.java:559)
	at knot//com.google.gson.internal.bind.ReflectiveTypeAdapterFactory$Adapter.read(ReflectiveTypeAdapterFactory.java:517)
	at knot//com.google.gson.Gson.fromJson(Gson.java:1080)
	at knot//com.google.gson.Gson.fromJson(Gson.java:981)
	at knot//com.google.gson.Gson.fromJson(Gson.java:891)
	at knot//com.google.gson.Gson.fromJson(Gson.java:828)
	at knot//com.moulberry.axiom.configuration.AxiomConfig.load(AxiomConfig.java:523)
	at knot//com.moulberry.axiom.configuration.AxiomConfig.tryLoadFromFolder(AxiomConfig.java:476)
	at knot//com.moulberry.axiom.Axiom.onInitialize(Axiom.java:103)
	at net.fabricmc.loader.impl.FabricLoaderImpl.invokeEntrypoints(FabricLoaderImpl.java:409)
	at net.fabricmc.loader.impl.game.minecraft.Hooks.startClient(Hooks.java:52)
	at knot//net.minecraft.client.Minecraft.<init>(Minecraft.java:456)
	at knot//net.minecraft.client.main.Main.main(Main.java:278)
	at net.fabricmc.loader.impl.game.minecraft.MinecraftGameProvider.launch(MinecraftGameProvider.java:514)
	at net.fabricmc.loader.impl.launch.knot.Knot.launch(Knot.java:72)
	at net.fabricmc.loader.impl.launch.knot.KnotClient.main(KnotClient.java:23)
[16:44:09] [Render thread/ERROR]: Failed to load config from D:\Minecraft\ÓÎĎ·Ö÷Ěĺ\.minecraft\config\axiom\axiom.json
java.lang.RuntimeException: Mixin transformation of com.moulberry.axiom.editor.EditorUI failed
	at net.fabricmc.loader.impl.launch.knot.KnotClassDelegate.getPostMixinClassByteArray(KnotClassDelegate.java:440)
	at net.fabricmc.loader.impl.launch.knot.KnotClassDelegate.tryLoadClass(KnotClassDelegate.java:336)
	at net.fabricmc.loader.impl.launch.knot.KnotClassDelegate.loadClass(KnotClassDelegate.java:231)
	at net.fabricmc.loader.impl.launch.knot.KnotClassLoader.loadClass(KnotClassLoader.java:119)
	at java.base/java.lang.ClassLoader.loadClass(ClassLoader.java:490)
	at knot//com.moulberry.axiom.editor.palette.EditorPalette.onChanged(EditorPalette.java:360)
	at knot//com.moulberry.axiom.editor.palette.EditorPalette.addBlock(EditorPalette.java:375)
	at knot//com.moulberry.axiom.editor.palette.EditorPalette$TypeAdapter.deserialize(EditorPalette.java:69)
	at knot//com.moulberry.axiom.editor.palette.EditorPalette$TypeAdapter.deserialize(EditorPalette.java:49)
	at knot//com.google.gson.internal.bind.TreeTypeAdapter.read(TreeTypeAdapter.java:95)
	at knot//com.google.gson.internal.bind.TypeAdapterRuntimeTypeWrapper.read(TypeAdapterRuntimeTypeWrapper.java:40)
	at knot//com.google.gson.internal.bind.MapTypeAdapterFactory$Adapter.read(MapTypeAdapterFactory.java:203)
	at knot//com.google.gson.internal.bind.MapTypeAdapterFactory$Adapter.read(MapTypeAdapterFactory.java:161)
	at knot//com.google.gson.Gson.fromJson(Gson.java:1080)
	at knot//com.google.gson.Gson.fromJson(Gson.java:1193)
	at knot//com.google.gson.Gson.fromJson(Gson.java:1164)
	at knot//com.google.gson.internal.bind.TreeTypeAdapter$GsonContextImpl.deserialize(TreeTypeAdapter.java:206)
	at knot//com.moulberry.axiom.editor.palette.EditorPalette$TypeAdapter.deserialize(EditorPalette.java:54)
	at knot//com.moulberry.axiom.editor.palette.EditorPalette$TypeAdapter.deserialize(EditorPalette.java:49)
	at knot//com.google.gson.internal.bind.TreeTypeAdapter.read(TreeTypeAdapter.java:95)
	at knot//com.google.gson.internal.bind.ReflectiveTypeAdapterFactory$2.readIntoField(ReflectiveTypeAdapterFactory.java:271)
	at knot//com.google.gson.internal.bind.ReflectiveTypeAdapterFactory$FieldReflectionAdapter.readField(ReflectiveTypeAdapterFactory.java:559)
	at knot//com.google.gson.internal.bind.ReflectiveTypeAdapterFactory$Adapter.read(ReflectiveTypeAdapterFactory.java:517)
	at knot//com.google.gson.internal.bind.ReflectiveTypeAdapterFactory$2.readIntoField(ReflectiveTypeAdapterFactory.java:271)
	at knot//com.google.gson.internal.bind.ReflectiveTypeAdapterFactory$FieldReflectionAdapter.readField(ReflectiveTypeAdapterFactory.java:559)
	at knot//com.google.gson.internal.bind.ReflectiveTypeAdapterFactory$Adapter.read(ReflectiveTypeAdapterFactory.java:517)
	at knot//com.google.gson.Gson.fromJson(Gson.java:1080)
	at knot//com.google.gson.Gson.fromJson(Gson.java:981)
	at knot//com.google.gson.Gson.fromJson(Gson.java:891)
	at knot//com.google.gson.Gson.fromJson(Gson.java:828)
	at knot//com.moulberry.axiom.configuration.AxiomConfig.load(AxiomConfig.java:523)
	at knot//com.moulberry.axiom.configuration.AxiomConfig.tryLoadFromFolder(AxiomConfig.java:476)
	at knot//com.moulberry.axiom.Axiom.onInitialize(Axiom.java:103)
	at net.fabricmc.loader.impl.FabricLoaderImpl.invokeEntrypoints(FabricLoaderImpl.java:409)
	at net.fabricmc.loader.impl.game.minecraft.Hooks.startClient(Hooks.java:52)
	at knot//net.minecraft.client.Minecraft.<init>(Minecraft.java:456)
	at knot//net.minecraft.client.main.Main.main(Main.java:278)
	at net.fabricmc.loader.impl.game.minecraft.MinecraftGameProvider.launch(MinecraftGameProvider.java:514)
	at net.fabricmc.loader.impl.launch.knot.Knot.launch(Knot.java:72)
	at net.fabricmc.loader.impl.launch.knot.KnotClient.main(KnotClient.java:23)
Caused by: org.spongepowered.asm.mixin.transformer.throwables.MixinTransformerError: An unexpected critical error was encountered
	at org.spongepowered.asm.mixin.transformer.MixinProcessor.applyMixins(MixinProcessor.java:380)
	at org.spongepowered.asm.mixin.transformer.MixinTransformer.transformClass(MixinTransformer.java:237)
	at org.spongepowered.asm.mixin.transformer.MixinTransformer.transformClassBytes(MixinTransformer.java:202)
	at net.fabricmc.loader.impl.launch.knot.KnotClassDelegate.getPostMixinClassByteArray(KnotClassDelegate.java:435)
	... 39 more
Caused by: org.spongepowered.asm.mixin.throwables.MixinApplyError: Mixin [mcwws_axiom_survival_client.mixins.json:EditorUIDisableMixin from mod mcwws_axiom_survival_client] from phase [DEFAULT] in config [mcwws_axiom_survival_client.mixins.json] FAILED during APPLY
	at org.spongepowered.asm.mixin.transformer.MixinProcessor.handleMixinError(MixinProcessor.java:685)
	at org.spongepowered.asm.mixin.transformer.MixinProcessor.handleMixinApplyError(MixinProcessor.java:636)
	at org.spongepowered.asm.mixin.transformer.MixinProcessor.applyMixins(MixinProcessor.java:367)
	... 42 more
Caused by: org.spongepowered.asm.mixin.injection.throwables.InvalidInjectionException: non-static callback method com/moulberry/axiom/editor/EditorUI::mcwws$disable targets a static method which is not supported [INJECT_PREPARE_LEGACY Applicator Phase -> mcwws_axiom_survival_client.mixins.json:EditorUIDisableMixin from mod mcwws_axiom_survival_client -> Prepare Legacy Injections -> handler$edk000$mcwws_axiom_survival_client$mcwws$disable(Lorg/spongepowered/asm/mixin/injection/callback/CallbackInfo;)V -> Prepare ->  -> { target: disable()V }]
	at org.spongepowered.asm.mixin.injection.code.Injector.checkTargetModifiers(Injector.java:371)
	at org.spongepowered.asm.mixin.injection.callback.CallbackInjector.sanityCheck(CallbackInjector.java:427)
	at org.spongepowered.asm.mixin.injection.code.Injector.find(Injector.java:245)
	at org.spongepowered.asm.mixin.injection.struct.InjectionInfo.prepare(InjectionInfo.java:475)
	at org.spongepowered.asm.mixin.transformer.MixinTargetContext.prepareInjections(MixinTargetContext.java:1394)
	at org.spongepowered.asm.mixin.transformer.MixinApplicatorStandard.prepareInjections(MixinApplicatorStandard.java:811)
	at org.spongepowered.asm.mixin.transformer.MixinApplicatorStandard.lambda$runApplicatorPass$3(MixinApplicatorStandard.java:323)
	at org.spongepowered.asm.mixin.transformer.MixinApplicatorStandard.processMixins(MixinApplicatorStandard.java:381)
	at org.spongepowered.asm.mixin.transformer.MixinApplicatorStandard.runApplicatorPass(MixinApplicatorStandard.java:320)
	at org.spongepowered.asm.mixin.transformer.MixinApplicatorStandard.apply(MixinApplicatorStandard.java:240)
	at org.spongepowered.asm.mixin.transformer.TargetClassContext.apply(TargetClassContext.java:437)
	at org.spongepowered.asm.mixin.transformer.TargetClassContext.applyMixins(TargetClassContext.java:418)
	at org.spongepowered.asm.mixin.transformer.MixinProcessor.applyMixins(MixinProcessor.java:351)
	... 42 more
[16:44:09] [Render thread/INFO]: Instancing error handler class gg.essential.mixins.MixinErrorHandler
[16:44:09] [Render thread/ERROR]: Mixin apply for mod mcwws_axiom_survival_client failed mcwws_axiom_survival_client.mixins.json:EditorUIDisableMixin from mod mcwws_axiom_survival_client -> com.moulberry.axiom.editor.EditorUI: org.spongepowered.asm.mixin.injection.throwables.InvalidInjectionException non-static callback method com/moulberry/axiom/editor/EditorUI::mcwws$disable targets a static method which is not supported [INJECT_PREPARE_LEGACY Applicator Phase -> mcwws_axiom_survival_client.mixins.json:EditorUIDisableMixin from mod mcwws_axiom_survival_client -> Prepare Legacy Injections -> handler$edk000$mcwws_axiom_survival_client$mcwws$disable(Lorg/spongepowered/asm/mixin/injection/callback/CallbackInfo;)V -> Prepare ->  -> { target: disable()V }]
org.spongepowered.asm.mixin.injection.throwables.InvalidInjectionException: non-static callback method com/moulberry/axiom/editor/EditorUI::mcwws$disable targets a static method which is not supported [INJECT_PREPARE_LEGACY Applicator Phase -> mcwws_axiom_survival_client.mixins.json:EditorUIDisableMixin from mod mcwws_axiom_survival_client -> Prepare Legacy Injections -> handler$edk000$mcwws_axiom_survival_client$mcwws$disable(Lorg/spongepowered/asm/mixin/injection/callback/CallbackInfo;)V -> Prepare ->  -> { target: disable()V }]
	at org.spongepowered.asm.mixin.injection.code.Injector.checkTargetModifiers(Injector.java:371)
	at org.spongepowered.asm.mixin.injection.callback.CallbackInjector.sanityCheck(CallbackInjector.java:427)
	at org.spongepowered.asm.mixin.injection.code.Injector.find(Injector.java:245)
	at org.spongepowered.asm.mixin.injection.struct.InjectionInfo.prepare(InjectionInfo.java:475)
	at org.spongepowered.asm.mixin.transformer.MixinTargetContext.prepareInjections(MixinTargetContext.java:1394)
	at org.spongepowered.asm.mixin.transformer.MixinApplicatorStandard.prepareInjections(MixinApplicatorStandard.java:811)
	at org.spongepowered.asm.mixin.transformer.MixinApplicatorStandard.lambda$runApplicatorPass$3(MixinApplicatorStandard.java:323)
	at org.spongepowered.asm.mixin.transformer.MixinApplicatorStandard.processMixins(MixinApplicatorStandard.java:381)
	at org.spongepowered.asm.mixin.transformer.MixinApplicatorStandard.runApplicatorPass(MixinApplicatorStandard.java:320)
	at org.spongepowered.asm.mixin.transformer.MixinApplicatorStandard.apply(MixinApplicatorStandard.java:240)
	at org.spongepowered.asm.mixin.transformer.TargetClassContext.apply(TargetClassContext.java:437)
	at org.spongepowered.asm.mixin.transformer.TargetClassContext.applyMixins(TargetClassContext.java:418)
	at org.spongepowered.asm.mixin.transformer.MixinProcessor.applyMixins(MixinProcessor.java:351)
	at org.spongepowered.asm.mixin.transformer.MixinTransformer.transformClass(MixinTransformer.java:237)
	at org.spongepowered.asm.mixin.transformer.MixinTransformer.transformClassBytes(MixinTransformer.java:202)
	at net.fabricmc.loader.impl.launch.knot.KnotClassDelegate.getPostMixinClassByteArray(KnotClassDelegate.java:435)
	at net.fabricmc.loader.impl.launch.knot.KnotClassDelegate.tryLoadClass(KnotClassDelegate.java:336)
	at net.fabricmc.loader.impl.launch.knot.KnotClassDelegate.loadClass(KnotClassDelegate.java:231)
	at net.fabricmc.loader.impl.launch.knot.KnotClassLoader.loadClass(KnotClassLoader.java:119)
	at java.base/java.lang.ClassLoader.loadClass(ClassLoader.java:490)
	at knot//com.moulberry.axiom.editor.palette.EditorPalette.onChanged(EditorPalette.java:360)
	at knot//com.moulberry.axiom.editor.palette.EditorPalette.addBlock(EditorPalette.java:375)
	at knot//com.moulberry.axiom.editor.palette.EditorPalette$TypeAdapter.deserialize(EditorPalette.java:69)
	at knot//com.moulberry.axiom.editor.palette.EditorPalette$TypeAdapter.deserialize(EditorPalette.java:49)
	at knot//com.google.gson.internal.bind.TreeTypeAdapter.read(TreeTypeAdapter.java:95)
	at knot//com.google.gson.internal.bind.TypeAdapterRuntimeTypeWrapper.read(TypeAdapterRuntimeTypeWrapper.java:40)
	at knot//com.google.gson.internal.bind.MapTypeAdapterFactory$Adapter.read(MapTypeAdapterFactory.java:203)
	at knot//com.google.gson.internal.bind.MapTypeAdapterFactory$Adapter.read(MapTypeAdapterFactory.java:161)
	at knot//com.google.gson.Gson.fromJson(Gson.java:1080)
	at knot//com.google.gson.Gson.fromJson(Gson.java:1193)
	at knot//com.google.gson.Gson.fromJson(Gson.java:1164)
	at knot//com.google.gson.internal.bind.TreeTypeAdapter$GsonContextImpl.deserialize(TreeTypeAdapter.java:206)
	at knot//com.moulberry.axiom.editor.palette.EditorPalette$TypeAdapter.deserialize(EditorPalette.java:54)
	at knot//com.moulberry.axiom.editor.palette.EditorPalette$TypeAdapter.deserialize(EditorPalette.java:49)
	at knot//com.google.gson.internal.bind.TreeTypeAdapter.read(TreeTypeAdapter.java:95)
	at knot//com.google.gson.internal.bind.ReflectiveTypeAdapterFactory$2.readIntoField(ReflectiveTypeAdapterFactory.java:271)
	at knot//com.google.gson.internal.bind.ReflectiveTypeAdapterFactory$FieldReflectionAdapter.readField(ReflectiveTypeAdapterFactory.java:559)
	at knot//com.google.gson.internal.bind.ReflectiveTypeAdapterFactory$Adapter.read(ReflectiveTypeAdapterFactory.java:517)
	at knot//com.google.gson.internal.bind.ReflectiveTypeAdapterFactory$2.readIntoField(ReflectiveTypeAdapterFactory.java:271)
	at knot//com.google.gson.internal.bind.ReflectiveTypeAdapterFactory$FieldReflectionAdapter.readField(ReflectiveTypeAdapterFactory.java:559)
	at knot//com.google.gson.internal.bind.ReflectiveTypeAdapterFactory$Adapter.read(ReflectiveTypeAdapterFactory.java:517)
	at knot//com.google.gson.Gson.fromJson(Gson.java:1080)
	at knot//com.google.gson.Gson.fromJson(Gson.java:981)
	at knot//com.google.gson.Gson.fromJson(Gson.java:891)
	at knot//com.google.gson.Gson.fromJson(Gson.java:828)
	at knot//com.moulberry.axiom.configuration.AxiomConfig.load(AxiomConfig.java:523)
	at knot//com.moulberry.axiom.configuration.AxiomConfig.tryLoadFromFolder(AxiomConfig.java:484)
	at knot//com.moulberry.axiom.Axiom.onInitialize(Axiom.java:103)
	at net.fabricmc.loader.impl.FabricLoaderImpl.invokeEntrypoints(FabricLoaderImpl.java:409)
	at net.fabricmc.loader.impl.game.minecraft.Hooks.startClient(Hooks.java:52)
	at knot//net.minecraft.client.Minecraft.<init>(Minecraft.java:456)
	at knot//net.minecraft.client.main.Main.main(Main.java:278)
	at net.fabricmc.loader.impl.game.minecraft.MinecraftGameProvider.launch(MinecraftGameProvider.java:514)
	at net.fabricmc.loader.impl.launch.knot.Knot.launch(Knot.java:72)
	at net.fabricmc.loader.impl.launch.knot.KnotClient.main(KnotClient.java:23)
[16:44:09] [Render thread/ERROR]: Failed to load config from D:\Minecraft\ÓÎĎ·Ö÷Ěĺ\.minecraft\config\axiom\.axiom.json.backup
java.lang.RuntimeException: Mixin transformation of com.moulberry.axiom.editor.EditorUI failed
	at net.fabricmc.loader.impl.launch.knot.KnotClassDelegate.getPostMixinClassByteArray(KnotClassDelegate.java:440)
	at net.fabricmc.loader.impl.launch.knot.KnotClassDelegate.tryLoadClass(KnotClassDelegate.java:336)
	at net.fabricmc.loader.impl.launch.knot.KnotClassDelegate.loadClass(KnotClassDelegate.java:231)
	at net.fabricmc.loader.impl.launch.knot.KnotClassLoader.loadClass(KnotClassLoader.java:119)
	at java.base/java.lang.ClassLoader.loadClass(ClassLoader.java:490)
	at knot//com.moulberry.axiom.editor.palette.EditorPalette.onChanged(EditorPalette.java:360)
	at knot//com.moulberry.axiom.editor.palette.EditorPalette.addBlock(EditorPalette.java:375)
	at knot//com.moulberry.axiom.editor.palette.EditorPalette$TypeAdapter.deserialize(EditorPalette.java:69)
	at knot//com.moulberry.axiom.editor.palette.EditorPalette$TypeAdapter.deserialize(EditorPalette.java:49)
	at knot//com.google.gson.internal.bind.TreeTypeAdapter.read(TreeTypeAdapter.java:95)
	at knot//com.google.gson.internal.bind.TypeAdapterRuntimeTypeWrapper.read(TypeAdapterRuntimeTypeWrapper.java:40)
	at knot//com.google.gson.internal.bind.MapTypeAdapterFactory$Adapter.read(MapTypeAdapterFactory.java:203)
	at knot//com.google.gson.internal.bind.MapTypeAdapterFactory$Adapter.read(MapTypeAdapterFactory.java:161)
	at knot//com.google.gson.Gson.fromJson(Gson.java:1080)
	at knot//com.google.gson.Gson.fromJson(Gson.java:1193)
	at knot//com.google.gson.Gson.fromJson(Gson.java:1164)
	at knot//com.google.gson.internal.bind.TreeTypeAdapter$GsonContextImpl.deserialize(TreeTypeAdapter.java:206)
	at knot//com.moulberry.axiom.editor.palette.EditorPalette$TypeAdapter.deserialize(EditorPalette.java:54)
	at knot//com.moulberry.axiom.editor.palette.EditorPalette$TypeAdapter.deserialize(EditorPalette.java:49)
	at knot//com.google.gson.internal.bind.TreeTypeAdapter.read(TreeTypeAdapter.java:95)
	at knot//com.google.gson.internal.bind.ReflectiveTypeAdapterFactory$2.readIntoField(ReflectiveTypeAdapterFactory.java:271)
	at knot//com.google.gson.internal.bind.ReflectiveTypeAdapterFactory$FieldReflectionAdapter.readField(ReflectiveTypeAdapterFactory.java:559)
	at knot//com.google.gson.internal.bind.ReflectiveTypeAdapterFactory$Adapter.read(ReflectiveTypeAdapterFactory.java:517)
	at knot//com.google.gson.internal.bind.ReflectiveTypeAdapterFactory$2.readIntoField(ReflectiveTypeAdapterFactory.java:271)
	at knot//com.google.gson.internal.bind.ReflectiveTypeAdapterFactory$FieldReflectionAdapter.readField(ReflectiveTypeAdapterFactory.java:559)
	at knot//com.google.gson.internal.bind.ReflectiveTypeAdapterFactory$Adapter.read(ReflectiveTypeAdapterFactory.java:517)
	at knot//com.google.gson.Gson.fromJson(Gson.java:1080)
	at knot//com.google.gson.Gson.fromJson(Gson.java:981)
	at knot//com.google.gson.Gson.fromJson(Gson.java:891)
	at knot//com.google.gson.Gson.fromJson(Gson.java:828)
	at knot//com.moulberry.axiom.configuration.AxiomConfig.load(AxiomConfig.java:523)
	at knot//com.moulberry.axiom.configuration.AxiomConfig.tryLoadFromFolder(AxiomConfig.java:484)
	at knot//com.moulberry.axiom.Axiom.onInitialize(Axiom.java:103)
	at net.fabricmc.loader.impl.FabricLoaderImpl.invokeEntrypoints(FabricLoaderImpl.java:409)
	at net.fabricmc.loader.impl.game.minecraft.Hooks.startClient(Hooks.java:52)
	at knot//net.minecraft.client.Minecraft.<init>(Minecraft.java:456)
	at knot//net.minecraft.client.main.Main.main(Main.java:278)
	at net.fabricmc.loader.impl.game.minecraft.MinecraftGameProvider.launch(MinecraftGameProvider.java:514)
	at net.fabricmc.loader.impl.launch.knot.Knot.launch(Knot.java:72)
	at net.fabricmc.loader.impl.launch.knot.KnotClient.main(KnotClient.java:23)
Caused by: org.spongepowered.asm.mixin.transformer.throwables.MixinTransformerError: An unexpected critical error was encountered
	at org.spongepowered.asm.mixin.transformer.MixinProcessor.applyMixins(MixinProcessor.java:380)
	at org.spongepowered.asm.mixin.transformer.MixinTransformer.transformClass(MixinTransformer.java:237)
	at org.spongepowered.asm.mixin.transformer.MixinTransformer.transformClassBytes(MixinTransformer.java:202)
	at net.fabricmc.loader.impl.launch.knot.KnotClassDelegate.getPostMixinClassByteArray(KnotClassDelegate.java:435)
	... 39 more
Caused by: org.spongepowered.asm.mixin.throwables.MixinApplyError: Mixin [mcwws_axiom_survival_client.mixins.json:EditorUIDisableMixin from mod mcwws_axiom_survival_client] from phase [DEFAULT] in config [mcwws_axiom_survival_client.mixins.json] FAILED during APPLY
	at org.spongepowered.asm.mixin.transformer.MixinProcessor.handleMixinError(MixinProcessor.java:685)
	at org.spongepowered.asm.mixin.transformer.MixinProcessor.handleMixinApplyError(MixinProcessor.java:636)
	at org.spongepowered.asm.mixin.transformer.MixinProcessor.applyMixins(MixinProcessor.java:367)
	... 42 more
Caused by: org.spongepowered.asm.mixin.injection.throwables.InvalidInjectionException: non-static callback method com/moulberry/axiom/editor/EditorUI::mcwws$disable targets a static method which is not supported [INJECT_PREPARE_LEGACY Applicator Phase -> mcwws_axiom_survival_client.mixins.json:EditorUIDisableMixin from mod mcwws_axiom_survival_client -> Prepare Legacy Injections -> handler$edk000$mcwws_axiom_survival_client$mcwws$disable(Lorg/spongepowered/asm/mixin/injection/callback/CallbackInfo;)V -> Prepare ->  -> { target: disable()V }]
	at org.spongepowered.asm.mixin.injection.code.Injector.checkTargetModifiers(Injector.java:371)
	at org.spongepowered.asm.mixin.injection.callback.CallbackInjector.sanityCheck(CallbackInjector.java:427)
	at org.spongepowered.asm.mixin.injection.code.Injector.find(Injector.java:245)
	at org.spongepowered.asm.mixin.injection.struct.InjectionInfo.prepare(InjectionInfo.java:475)
	at org.spongepowered.asm.mixin.transformer.MixinTargetContext.prepareInjections(MixinTargetContext.java:1394)
	at org.spongepowered.asm.mixin.transformer.MixinApplicatorStandard.prepareInjections(MixinApplicatorStandard.java:811)
	at org.spongepowered.asm.mixin.transformer.MixinApplicatorStandard.lambda$runApplicatorPass$3(MixinApplicatorStandard.java:323)
	at org.spongepowered.asm.mixin.transformer.MixinApplicatorStandard.processMixins(MixinApplicatorStandard.java:381)
	at org.spongepowered.asm.mixin.transformer.MixinApplicatorStandard.runApplicatorPass(MixinApplicatorStandard.java:320)
	at org.spongepowered.asm.mixin.transformer.MixinApplicatorStandard.apply(MixinApplicatorStandard.java:240)
	at org.spongepowered.asm.mixin.transformer.TargetClassContext.apply(TargetClassContext.java:437)
	at org.spongepowered.asm.mixin.transformer.TargetClassContext.applyMixins(TargetClassContext.java:418)
	at org.spongepowered.asm.mixin.transformer.MixinProcessor.applyMixins(MixinProcessor.java:351)
	... 42 more
[16:44:09] [DefaultDispatcher-worker-3/INFO]: Connecting to Essential Connection Manager...
[16:44:09] [DefaultDispatcher-worker-3/INFO]: Using Default JreDnsResolver
[16:44:09] [DefaultDispatcher-worker-3/INFO]: Using Default JreSocketFactory
[16:44:10] [WebSocketConnectReadThread-187/INFO]: Connected to Essential Connection Manager.
[16:44:10] [Render thread/INFO]: Initializing ServerSide Packet Registries
[16:44:10] [Render thread/INFO]: [me.cx.vy.cn.cg.Serialization]: Registered Config as RocksDB for config type StorageConfig
[16:44:10] [Render thread/INFO]: [me.cx.vy.cn.cg.Serialization]: Registered Config as Redis for config type StorageConfig
[16:44:10] [Render thread/INFO]: [me.cx.vy.cn.cg.Serialization]: Registered Config as ReadonlyCachingLayer for config type StorageConfig
[16:44:10] [Render thread/INFO]: [me.cx.vy.cn.cg.Serialization]: Registered Config2 as AutoFragmentationAdaptor for config type StorageConfig
[16:44:10] [Render thread/INFO]: [me.cx.vy.cn.cg.Serialization]: Registered Config as FragmentationAdaptor for config type StorageConfig
[16:44:10] [Render thread/INFO]: [me.cx.vy.cn.cg.Serialization]: Registered ConditionalStorageBackendConfig as ConditionalConfig for config type StorageConfig
[16:44:10] [Render thread/INFO]: [me.cx.vy.cn.cg.Serialization]: Registered Config as CompressionAdaptor for config type StorageConfig
[16:44:10] [Render thread/INFO]: [me.cx.vy.cn.cg.Serialization]: Registered BasicPathInsertionConfig as BasicPathConfig for config type StorageConfig
[16:44:11] [Render thread/INFO]: [me.cx.vy.cn.cg.Serialization]: Registered Config as LMDB for config type StorageConfig
[16:44:11] [Render thread/INFO]: [me.cx.vy.cn.cg.Serialization]: Registered Config as Memory for config type StorageConfig
[16:44:11] [Render thread/INFO]: [me.cx.vy.cn.cg.Serialization]: Registered Config as Serializer for config type SectionStorageConfig
[16:44:11] [Render thread/INFO]: [me.cx.vy.cn.cg.Serialization]: Registered Config as ZSTD for config type CompressorConfig
[16:44:11] [Render thread/INFO]: [me.cx.vy.cn.cg.Serialization]: Registered Config as LZ4 for config type CompressorConfig
[16:44:11] [Render thread/INFO]: [me.cx.vy.cn.cg.Serialization]: Registered 13 config types
[16:44:11] [Render thread/INFO]: [STDOUT]: Starting WI Zoom v1.7-MC26.2
[16:44:11] [Render thread/INFO]: Got request to register class com.sk89q.worldedit.fabric.internal.FabricPlatform with WorldEdit [com.sk89q.worldedit.extension.platform.PlatformManager@85a009c]
[16:44:11] [Render thread/INFO]: WorldEdit for Fabric (version 7.4.5+7590-b8dc4c1) is loaded
[16:44:11] [Render thread/INFO]: [Particle Interactions]: Mod init started. Compiled for fabric
[16:44:11] [Render thread/INFO]: Sodium: [0.9.1+mc26.2], Iris: [1.11.2+mc26.2]
[16:44:11] [Render thread/INFO]: Assigning MaLiLib Pipelines to Iris Programs:
[16:44:11] [Render thread/WARN]: Found okay program match for malilib:pipeline/position_color/translucent/no_depth/no_cull: BASIC_COLOR
[16:44:11] [Render thread/WARN]: Found okay program match for malilib:pipeline/position_color/translucent/no_depth: BASIC_COLOR
[16:44:11] [Render thread/WARN]: Found okay program match for malilib:pipeline/position_color/translucent/lequal_depth/offset_1: BASIC_COLOR
[16:44:11] [Render thread/WARN]: Found okay program match for malilib:pipeline/position_color/translucent/lequal_depth/offset_2: BASIC_COLOR
[16:44:11] [Render thread/WARN]: Found okay program match for malilib:pipeline/position_color/translucent/lequal_depth/offset_3: BASIC_COLOR
[16:44:11] [Render thread/WARN]: Found okay program match for malilib:pipeline/position_color/translucent/lequal_depth/no_cull: BASIC_COLOR
[16:44:11] [Render thread/WARN]: Found okay program match for malilib:pipeline/position_color/translucent/lequal_depth: BASIC_COLOR
[16:44:11] [Render thread/WARN]: Found okay program match for malilib:pipeline/position_color/translucent/depth_mask: BASIC_COLOR
[16:44:11] [Render thread/WARN]: Found okay program match for malilib:pipeline/position_color/translucent: BASIC_COLOR
[16:44:11] [Render thread/WARN]: Found okay program match for malilib:pipeline/position_color/masa/no_depth/no_cull: BASIC_COLOR
[16:44:11] [Render thread/WARN]: Found okay program match for malilib:pipeline/position_color/masa/no_depth: BASIC_COLOR
[16:44:11] [Render thread/WARN]: Found okay program match for malilib:pipeline/position_color/masa/lequal_depth/offset_1: BASIC_COLOR
[16:44:11] [Render thread/WARN]: Found okay program match for malilib:pipeline/position_color/masa/lequal_depth/offset_2: BASIC_COLOR
[16:44:11] [Render thread/WARN]: Found okay program match for malilib:pipeline/position_color/masa/lequal_depth/offset_3: BASIC_COLOR
[16:44:11] [Render thread/WARN]: Found okay program match for malilib:pipeline/position_color/masa/lequal_depth/no_cull: BASIC_COLOR
[16:44:11] [Render thread/WARN]: Found okay program match for malilib:pipeline/position_color/masa/lequal_depth: BASIC_COLOR
[16:44:11] [Render thread/WARN]: Found okay program match for malilib:pipeline/position_color/masa/depth_mask: BASIC_COLOR
[16:44:11] [Render thread/WARN]: Found okay program match for malilib:pipeline/position_color/masa: BASIC_COLOR
[16:44:11] [Render thread/WARN]: Found okay program match for malilib:pipeline/text_plate_bg/no_depth: BASIC_COLOR
[16:44:11] [Render thread/WARN]: Found okay program match for malilib:pipeline/text_plate_bg: BASIC_COLOR
[16:44:11] [Render thread/WARN]: Found okay program match for malilib:pipeline/minihud/shape/no_depth/offset: BASIC_COLOR
[16:44:11] [Render thread/WARN]: Found okay program match for malilib:pipeline/minihud/shape/no_depth: BASIC_COLOR
[16:44:11] [Render thread/WARN]: Found okay program match for malilib:pipeline/minihud/shape/offset/no_cull: BASIC_COLOR
[16:44:11] [Render thread/WARN]: Found okay program match for malilib:pipeline/minihud/shape/offset: BASIC_COLOR
[16:44:11] [Render thread/WARN]: Found okay program match for malilib:pipeline/minihud/shape/no_cull: BASIC_COLOR
[16:44:11] [Render thread/WARN]: Found okay program match for malilib:pipeline/minihud/shape: BASIC_COLOR
[16:44:11] [Render thread/WARN]: Found *decent* program match for malilib:pipeline/position_color_lines/translucent/no_depth/no_cull: LINES
[16:44:11] [Render thread/WARN]: Found *decent* program match for malilib:pipeline/position_color_lines/translucent/no_depth: LINES
[16:44:11] [Render thread/WARN]: Found *decent* program match for malilib:pipeline/position_color_lines/translucent/lequal_depth/offset_1: LINES
[16:44:11] [Render thread/WARN]: Found *decent* program match for malilib:pipeline/position_color_lines/translucent/lequal_depth/offset_2: LINES
[16:44:11] [Render thread/WARN]: Found *decent* program match for malilib:pipeline/position_color_lines/translucent/lequal_depth/offset_3: LINES
[16:44:11] [Render thread/WARN]: Found *decent* program match for malilib:pipeline/position_color_lines/translucent/lequal_depth/no_cull: LINES
[16:44:11] [Render thread/WARN]: Found *decent* program match for malilib:pipeline/position_color_lines/translucent/lequal_depth: LINES
[16:44:11] [Render thread/WARN]: Found *decent* program match for malilib:pipeline/position_color_lines/translucent: LINES
[16:44:11] [Render thread/WARN]: Found *decent* program match for malilib:pipeline/position_color_lines/masa/no_depth/no_cull: LINES
[16:44:11] [Render thread/WARN]: Found *decent* program match for malilib:pipeline/position_color_lines/masa/no_depth: LINES
[16:44:11] [Render thread/WARN]: Found *decent* program match for malilib:pipeline/position_color_lines/masa/lequal_depth/offset_1: LINES
[16:44:11] [Render thread/WARN]: Found *decent* program match for malilib:pipeline/position_color_lines/masa/lequal_depth/offset_2: LINES
[16:44:11] [Render thread/WARN]: Found *decent* program match for malilib:pipeline/position_color_lines/masa/lequal_depth/offset_3: LINES
[16:44:11] [Render thread/WARN]: Found *decent* program match for malilib:pipeline/position_color_lines/masa/lequal_depth/no_cull: LINES
[16:44:11] [Render thread/WARN]: Found *decent* program match for malilib:pipeline/position_color_lines/masa/lequal_depth: LINES
[16:44:11] [Render thread/WARN]: Found *decent* program match for malilib:pipeline/position_color_lines/masa: LINES
[16:44:11] [Render thread/WARN]: Found *decent* program match for malilib:pipeline/minihud/shape_lines/no_depth/offset: LINES
[16:44:11] [Render thread/WARN]: Found *decent* program match for malilib:pipeline/minihud/shape_lines/no_depth: LINES
[16:44:11] [Render thread/WARN]: Found *decent* program match for malilib:pipeline/minihud/shape_lines/offset/no_cull: LINES
[16:44:11] [Render thread/WARN]: Found *decent* program match for malilib:pipeline/minihud/shape_lines/offset: LINES
[16:44:11] [Render thread/WARN]: Found *decent* program match for malilib:pipeline/minihud/shape_lines/no_cull: LINES
[16:44:11] [Render thread/WARN]: Found *decent* program match for malilib:pipeline/minihud/shape_lines: LINES
[16:44:11] [Render thread/WARN]: Found okay program match for malilib:pipeline/position_tex_color/translucent/no_depth/no_cull: TEXTURED_COLOR
[16:44:11] [Render thread/WARN]: Found okay program match for malilib:pipeline/position_tex_color/translucent/no_depth: TEXTURED_COLOR
[16:44:11] [Render thread/WARN]: Found okay program match for malilib:pipeline/position_tex_color/translucent/lequal_depth/offset_1: TEXTURED_COLOR
[16:44:11] [Render thread/WARN]: Found okay program match for malilib:pipeline/position_tex_color/translucent/lequal_depth/offset_2: TEXTURED_COLOR
[16:44:11] [Render thread/WARN]: Found okay program match for malilib:pipeline/position_tex_color/translucent/lequal_depth/offset_3: TEXTURED_COLOR
[16:44:11] [Render thread/WARN]: Found okay program match for malilib:pipeline/position_tex_color/translucent/lequal_depth/no_cull: TEXTURED_COLOR
[16:44:11] [Render thread/WARN]: Found okay program match for malilib:pipeline/position_tex_color/translucent/lequal_depth: TEXTURED_COLOR
[16:44:11] [Render thread/WARN]: Found okay program match for malilib:pipeline/position_tex_color/translucent/depth_mask: TEXTURED_COLOR
[16:44:11] [Render thread/WARN]: Found okay program match for malilib:pipeline/position_tex_color/translucent: TEXTURED_COLOR
[16:44:11] [Render thread/WARN]: Found okay program match for malilib:pipeline/position_tex_color/masa/no_depth/no_cull: TEXTURED_COLOR
[16:44:11] [Render thread/WARN]: Found okay program match for malilib:pipeline/position_tex_color/masa/no_depth: TEXTURED_COLOR
[16:44:11] [Render thread/WARN]: Found okay program match for malilib:pipeline/position_tex_color/masa/lequal_depth/offset_1: TEXTURED_COLOR
[16:44:11] [Render thread/WARN]: Found okay program match for malilib:pipeline/position_tex_color/masa/lequal_depth/offset_2: TEXTURED_COLOR
[16:44:11] [Render thread/WARN]: Found okay program match for malilib:pipeline/position_tex_color/masa/lequal_depth/offset_3: TEXTURED_COLOR
[16:44:11] [Render thread/WARN]: Found okay program match for malilib:pipeline/position_tex_color/masa/lequal_depth/no_cull: TEXTURED_COLOR
[16:44:11] [Render thread/WARN]: Found okay program match for malilib:pipeline/position_tex_color/masa/lequal_depth: TEXTURED_COLOR
[16:44:11] [Render thread/WARN]: Found okay program match for malilib:pipeline/position_tex_color/masa/depth_mask: TEXTURED_COLOR
[16:44:11] [Render thread/WARN]: Found okay program match for malilib:pipeline/position_tex_color/masa: TEXTURED_COLOR
[16:44:11] [Render thread/WARN]: Found *decent* program match for malilib:pipeline/debug_lines/translucent/no_depth/no_cull: LINES
[16:44:11] [Render thread/WARN]: Found *decent* program match for malilib:pipeline/debug_lines/translucent/no_depth: LINES
[16:44:11] [Render thread/WARN]: Found *decent* program match for malilib:pipeline/debug_lines/translucent/no_cull: LINES
[16:44:11] [Render thread/WARN]: Found *decent* program match for malilib:pipeline/debug_lines/translucent/lequal_depth: LINES
[16:44:11] [Render thread/WARN]: Found *decent* program match for malilib:pipeline/debug_lines/translucent/offset_1: LINES
[16:44:11] [Render thread/WARN]: Found *decent* program match for malilib:pipeline/debug_lines/translucent/offset_2: LINES
[16:44:11] [Render thread/WARN]: Found *decent* program match for malilib:pipeline/debug_lines/translucent/offset_3: LINES
[16:44:11] [Render thread/WARN]: Found *decent* program match for malilib:pipeline/debug_lines/translucent: LINES
[16:44:11] [Render thread/WARN]: Found *decent* program match for malilib:pipeline/debug_lines/masa_simple/no_depth/no_cull: LINES
[16:44:11] [Render thread/WARN]: Found *decent* program match for malilib:pipeline/debug_lines/masa_simple/no_depth: LINES
[16:44:11] [Render thread/WARN]: Found *decent* program match for malilib:pipeline/debug_lines/masa_simple/no_cull: LINES
[16:44:11] [Render thread/WARN]: Found *decent* program match for malilib:pipeline/debug_lines/masa_simple/lequal_depth: LINES
[16:44:11] [Render thread/WARN]: Found *decent* program match for malilib:pipeline/debug_lines/masa_simple/offset_1: LINES
[16:44:11] [Render thread/WARN]: Found *decent* program match for malilib:pipeline/debug_lines/masa_simple/offset_2: LINES
[16:44:11] [Render thread/WARN]: Found *decent* program match for malilib:pipeline/debug_lines/masa_simple/offset_3: LINES
[16:44:11] [Render thread/WARN]: Found *decent* program match for malilib:pipeline/debug_lines/masa_simple: LINES
[16:44:11] [Render thread/WARN]: Found *decent* program match for malilib:pipeline/debug_line_strip/translucent/no_depth/no_cull: LINES
[16:44:11] [Render thread/WARN]: Found *decent* program match for malilib:pipeline/debug_line_strip/translucent/no_depth: LINES
[16:44:11] [Render thread/WARN]: Found *decent* program match for malilib:pipeline/debug_line_strip/translucent/no_cull: LINES
[16:44:11] [Render thread/WARN]: Found *decent* program match for malilib:pipeline/debug_line_strip/translucent/offset_1: LINES
[16:44:11] [Render thread/WARN]: Found *decent* program match for malilib:pipeline/debug_line_strip/translucent/offset_2: LINES
[16:44:11] [Render thread/WARN]: Found *decent* program match for malilib:pipeline/debug_line_strip/translucent/offset_3: LINES
[16:44:11] [Render thread/WARN]: Found *decent* program match for malilib:pipeline/debug_line_strip/translucent: LINES
[16:44:11] [Render thread/WARN]: Found *decent* program match for malilib:pipeline/debug_line_strip/masa_simple/no_depth/no_cull: LINES
[16:44:11] [Render thread/WARN]: Found *decent* program match for malilib:pipeline/debug_line_strip/masa_simple/no_depth: LINES
[16:44:11] [Render thread/WARN]: Found *decent* program match for malilib:pipeline/debug_line_strip/masa_simple/no_cull: LINES
[16:44:11] [Render thread/WARN]: Found *decent* program match for malilib:pipeline/debug_line_strip/masa_simple/offset_1: LINES
[16:44:11] [Render thread/WARN]: Found *decent* program match for malilib:pipeline/debug_line_strip/masa_simple/offset_2: LINES
[16:44:11] [Render thread/WARN]: Found *decent* program match for malilib:pipeline/debug_line_strip/masa_simple/offset_3: LINES
[16:44:11] [Render thread/WARN]: Found *decent* program match for malilib:pipeline/debug_line_strip/masa_simple: LINES
[16:44:11] [Render thread/WARN]: Found *decent* program match for malilib:pipeline/legacy/solid: TERRAIN_SOLID
[16:44:11] [Render thread/WARN]: Found *decent* program match for malilib:pipeline/legacy/wireframe: LINES
[16:44:11] [Render thread/WARN]: Found fine program match for malilib:pipeline/legacy/cutout: TERRAIN_CUTOUT
[16:44:11] [Render thread/WARN]: Found *decent* program match for malilib:pipeline/legacy/solid/masa/offset: TERRAIN_SOLID
[16:44:11] [Render thread/WARN]: Found *decent* program match for malilib:pipeline/legacy/wireframe/offset: LINES
[16:44:11] [Render thread/WARN]: Found fine program match for malilib:pipeline/legacy/cutout/offset: TERRAIN_CUTOUT
[16:44:11] [Render thread/WARN]: Found fine program match for malilib:pipeline/legacy/translucent: SODIUM_TERRAIN_TRANSLUCENT
[16:44:11] [Render thread/WARN]: Found fine program match for malilib:pipeline/legacy/translucent/offset: SODIUM_TERRAIN_TRANSLUCENT
[16:44:12] [Render thread/INFO]: [Particle Interactions]: Init done!
[16:44:12] [Render thread/INFO]: [ETF]: Modifying ETF Render State constructor because: for EMF
[16:44:12] [Render thread/INFO]: Loading Entity Model Features, ,serutaeF ledoM ytitnE gnidoaL
[16:44:12] [Render thread/INFO]: [ETF]: 6 new ETF Random Properties registered by entity_model_features
[16:44:12] [Render thread/INFO]: Loading Entity Texture Features, breaking your resource packs since 17 Jan 2022.
[16:44:12] [Render thread/INFO]: [Indigo] Different rendering plugin detected; not applying Indigo.
[16:44:12] [Render thread/INFO]: Loaded config fzzy_config:keybinds in 329ms
[16:44:12] [Render thread/INFO]: IAS: Loading... (platform: fabric)
[16:44:12] [Render thread/INFO]: IAS: Initializing IAS...
[16:44:12] [Render thread/INFO]: IAS: IAS has been loaded.
[16:44:12] [Render thread/INFO]: IAS: Loaded. (47 ms)
[16:44:12] [Render thread/INFO]: Sending ConfigManager...
[16:44:12] [Render thread/INFO]: Sending ConfigManager took 1.293 milliseconds
[16:44:13] [Render thread/INFO]: MCWWS Axiom Survival Client ŇŃĽÓÔŘŁ¬µČ´ý·ţÎń¶Ë helloˇ­
[16:44:13] [Render thread/WARN]: Using Cloth Config GUI
[16:44:13] [Render thread/INFO]: Checking mod updates...
[16:44:13] [Render thread/INFO]: Reloading reverb parameters
[16:44:13] [Render thread/INFO]: Unknown sound in sound rate config: minecraft:block.sand.wind
[16:44:13] [Render thread/INFO]: Unknown sound in sound rate config: minecraft:entity.goat.screaming.horn_break
[16:44:13] [Render thread/INFO]: Unknown sound in sound rate config: minecraft:entity.leash_knot.break
[16:44:13] [Render thread/INFO]: Unknown sound in sound rate config: minecraft:entity.leash_knot.place
[16:44:13] [Render thread/INFO]: Unknown sound in sound rate config: minecraft:entity.puffer_fish.ambient
[16:44:13] [Render thread/INFO]: Unknown sound in sound rate config: minecraft:entity.wolf.howl
[16:44:13] [Render thread/INFO]: Unknown sound in sound rate config: minecraft:item.goat_horn.play
[16:44:14] [Render thread/INFO]: Loaded config subtle_effects:general in 183ms
[16:44:14] [Render thread/INFO]: Loaded config subtle_effects:blocks in 206ms
[16:44:14] [Render thread/INFO]: Loaded config subtle_effects:entities in 140ms
[16:44:14] [Render thread/INFO]: Loaded config subtle_effects:environment in 87ms
[16:44:14] [Render thread/INFO]: Loaded config subtle_effects:items in 50ms
[16:44:14] [Render thread/WARN]: Found okay program match for subtle_effects:pipeline/entity_particle_translucent: PARTICLES_TRANS
[16:44:14] [Render thread/WARN]: Found okay program match for subtle_effects:pipeline/alpha_blend: PARTICLES_TRANS
[16:44:14] [Render thread/INFO]: [STDOUT]: [TRender] Initializing Client...
[16:44:14] [Render thread/INFO]: Deserializing YACLConfig from 'D:\Minecraft\ÓÎĎ·Ö÷Ěĺ\.minecraft\config\yacl.json5'
[16:44:15] [Render thread/INFO]: OptiFine not detected.
[16:44:15] [Render thread/INFO]: i18nLang#load: File: '/assets/tweakeroo/lang/en_us.json' has been loaded successfully
[16:44:15] [Render thread/WARN]: i18nOptionManager#buildLanguageOptions(tweakeroo): Detected [7] available options.
[16:44:15] [Render thread/INFO]: Backend library: LWJGL version 3.4.1-snapshot
[16:44:15] [ForkJoinPool.commonPool-worker-6/WARN]: [Iris Update Check] This version doesn't have an update index, skipping.
[16:44:16] [Render thread/INFO]: Modifying process environment to apply workarounds for the NVIDIA graphics driver...
[16:44:16] [Download-2/INFO]: Update available for 'chat_heads@1.2.7', (-> 1.2.8)
[16:44:16] [Render thread/INFO]: Debug functionality is disabled.
[16:44:16] [Render thread/INFO]: ARB_direct_state_access detected, enabling DSA.
[16:44:16] [Render thread/WARN]: Unable to resolve shader pack option menu element "FOG_DISTANCE_LOD" defined in shaders.properties
[16:44:16] [Render thread/INFO]: Profile: MINIMUM (+6 options changed by user)
[16:44:16] [Render thread/INFO]: [me.cx.vy.ct.is.IrisShaderPatch]: External opaque shader patch applied
[16:44:16] [Render thread/INFO]: [me.cx.vy.ct.is.IrisShaderPatch]: External translucent shader patch applied
[16:44:17] [Render thread/INFO]: Using shaderpack: BSL_v10.1.3.zip
[16:44:17] [Render thread/INFO]: Initializing ImmediatelyFast 1.16.2+26.2 on NVIDIA GeForce RTX 5070 Ti Laptop GPU/PCIe/SSE2 (NVIDIA Corporation) with OpenGL 3.3.0 NVIDIA 595.71
[16:44:17] [Render thread/INFO]: Using graphics backend OpenGL, using drivers: 3.3.0 NVIDIA 595.71
[16:44:17] [Render thread/INFO]: Using graphics device: NVIDIA GeForce RTX 5070 Ti Laptop GPU/PCIe/SSE2 (NVIDIA Corporation)
[16:44:17] [Render thread/INFO]: Using graphics device extensions: GL_ARB_multi_draw_indirect, GL_ARB_buffer_storage, GL_ARB_shader_draw_parameters, GL_ARB_base_instance, GL_KHR_debug, GL_ARB_draw_indirect, GL_ARB_clip_control, GL_ARB_vertex_attrib_binding, GL_ARB_direct_state_access, GL_EXT_texture_filter_anisotropic
[16:44:17] [Render thread/INFO]: Using cached localizations...
[16:44:17] [Render thread/INFO]: Found non-pack entry 'D:\Minecraft\ÓÎĎ·Ö÷Ěĺ\.minecraft\resourcepacks\55', ignoring
[16:44:17] [Render thread/INFO]: Found non-pack entry 'D:\Minecraft\ÓÎĎ·Ö÷Ěĺ\.minecraft\resourcepacks\Ban', ignoring
[16:44:18] [Render thread/WARN]: @Final field KNOWN_ATLASES:Ljava/util/List; in eg_particle_interactions.mixins.json:resource.RegisterAtlasConfig_AtlasManagerMixin from mod eg_particle_interactions should be final
[16:44:19] [Render thread/INFO]: [STDERR]: java.lang.NullPointerException: Cannot invoke "String.trim()" because the return value of "java.io.BufferedReader.readLine()" is null
[16:44:19] [Render thread/INFO]: [STDERR]: 	at knot//net.diebuddies.model.XmlParser.loadNode(XmlParser.java:46)
[16:44:19] [Render thread/INFO]: [STDERR]: 	at knot//net.diebuddies.model.XmlParser.loadNode(XmlParser.java:73)
[16:44:19] [Render thread/INFO]: [STDERR]: 	at knot//net.diebuddies.model.XmlParser.loadNode(XmlParser.java:73)
[16:44:19] [Render thread/INFO]: [STDERR]: 	at knot//net.diebuddies.model.XmlParser.loadNode(XmlParser.java:73)
[16:44:19] [Render thread/INFO]: [STDERR]: 	at knot//net.diebuddies.model.XmlParser.loadNode(XmlParser.java:73)
[16:44:19] [Render thread/INFO]: [STDERR]: 	at knot//net.diebuddies.model.XmlParser.loadNode(XmlParser.java:73)
[16:44:19] [Render thread/INFO]: [STDERR]: 	at knot//net.diebuddies.model.XmlParser.loadNode(XmlParser.java:73)
[16:44:19] [Render thread/INFO]: [STDERR]: 	at knot//net.diebuddies.model.XmlParser.loadFile(XmlParser.java:25)
[16:44:19] [Render thread/INFO]: [STDERR]: 	at knot//net.diebuddies.model.ColladaParser.loadMultipleStaticModel(ColladaParser.java:32)
[16:44:19] [Render thread/INFO]: [STDERR]: 	at knot//net.diebuddies.physics.PhysicsMod.loadClothFromDirectory(PhysicsMod.java:538)
[16:44:19] [Render thread/INFO]: [STDERR]: 	at knot//net.diebuddies.physics.PhysicsMod.loadCloth(PhysicsMod.java:521)
[16:44:19] [Render thread/INFO]: [STDERR]: 	at knot//net.minecraft.client.resources.MapTextureManager.handler$efp000$physicsmod$constructor(MapTextureManager.java:1028)
[16:44:19] [Render thread/INFO]: [STDERR]: 	at knot//net.minecraft.client.resources.MapTextureManager.<init>(MapTextureManager.java:20)
[16:44:19] [Render thread/INFO]: [STDERR]: 	at knot//net.minecraft.client.Minecraft.<init>(Minecraft.java:645)
[16:44:19] [Render thread/INFO]: [STDERR]: 	at knot//net.minecraft.client.main.Main.main(Main.java:278)
[16:44:19] [Render thread/INFO]: [STDERR]: 	at net.fabricmc.loader.impl.game.minecraft.MinecraftGameProvider.launch(MinecraftGameProvider.java:514)
[16:44:19] [Render thread/INFO]: [STDERR]: 	at net.fabricmc.loader.impl.launch.knot.Knot.launch(Knot.java:72)
[16:44:19] [Render thread/INFO]: [STDERR]: 	at net.fabricmc.loader.impl.launch.knot.KnotClient.main(KnotClient.java:23)
[16:44:19] [Render thread/INFO]: [STDERR]: Couldn't load D:\Minecraft\ÓÎĎ·Ö÷Ěĺ\.minecraft\.physics_mod_cache\cloth\Curly Hair Blonde.dae
[16:44:19] [Render thread/INFO]: [STDERR]: java.lang.NullPointerException: Cannot invoke "java.util.Map.remove(Object)" because "meshes" is null
[16:44:19] [Render thread/INFO]: [STDERR]: 	at knot//net.diebuddies.physics.PhysicsMod.loadClothFromDirectory(PhysicsMod.java:539)
[16:44:19] [Render thread/INFO]: [STDERR]: 	at knot//net.diebuddies.physics.PhysicsMod.loadCloth(PhysicsMod.java:521)
[16:44:19] [Render thread/INFO]: [STDERR]: 	at knot//net.minecraft.client.resources.MapTextureManager.handler$efp000$physicsmod$constructor(MapTextureManager.java:1028)
[16:44:19] [Render thread/INFO]: [STDERR]: 	at knot//net.minecraft.client.resources.MapTextureManager.<init>(MapTextureManager.java:20)
[16:44:19] [Render thread/INFO]: [STDERR]: 	at knot//net.minecraft.client.Minecraft.<init>(Minecraft.java:645)
[16:44:19] [Render thread/INFO]: [STDERR]: 	at knot//net.minecraft.client.main.Main.main(Main.java:278)
[16:44:19] [Render thread/INFO]: [STDERR]: 	at net.fabricmc.loader.impl.game.minecraft.MinecraftGameProvider.launch(MinecraftGameProvider.java:514)
[16:44:19] [Render thread/INFO]: [STDERR]: 	at net.fabricmc.loader.impl.launch.knot.Knot.launch(Knot.java:72)
[16:44:19] [Render thread/INFO]: [STDERR]: 	at net.fabricmc.loader.impl.launch.knot.KnotClient.main(KnotClient.java:23)
[16:44:20] [Render thread/INFO]: Instancing error handler class gg.essential.mixins.MixinErrorHandler
[16:44:20] [Render thread/ERROR]: Mixin apply for mod mcwws_axiom_survival_client failed mcwws_axiom_survival_client.mixins.json:EditorUIDisableMixin from mod mcwws_axiom_survival_client -> com.moulberry.axiom.editor.EditorUI: org.spongepowered.asm.mixin.injection.throwables.InvalidInjectionException non-static callback method com/moulberry/axiom/editor/EditorUI::mcwws$disable targets a static method which is not supported [INJECT_PREPARE_LEGACY Applicator Phase -> mcwws_axiom_survival_client.mixins.json:EditorUIDisableMixin from mod mcwws_axiom_survival_client -> Prepare Legacy Injections -> handler$edk000$mcwws_axiom_survival_client$mcwws$disable(Lorg/spongepowered/asm/mixin/injection/callback/CallbackInfo;)V -> Prepare ->  -> { target: disable()V }]
org.spongepowered.asm.mixin.injection.throwables.InvalidInjectionException: non-static callback method com/moulberry/axiom/editor/EditorUI::mcwws$disable targets a static method which is not supported [INJECT_PREPARE_LEGACY Applicator Phase -> mcwws_axiom_survival_client.mixins.json:EditorUIDisableMixin from mod mcwws_axiom_survival_client -> Prepare Legacy Injections -> handler$edk000$mcwws_axiom_survival_client$mcwws$disable(Lorg/spongepowered/asm/mixin/injection/callback/CallbackInfo;)V -> Prepare ->  -> { target: disable()V }]
	at org.spongepowered.asm.mixin.injection.code.Injector.checkTargetModifiers(Injector.java:371)
	at org.spongepowered.asm.mixin.injection.callback.CallbackInjector.sanityCheck(CallbackInjector.java:427)
	at org.spongepowered.asm.mixin.injection.code.Injector.find(Injector.java:245)
	at org.spongepowered.asm.mixin.injection.struct.InjectionInfo.prepare(InjectionInfo.java:475)
	at org.spongepowered.asm.mixin.transformer.MixinTargetContext.prepareInjections(MixinTargetContext.java:1394)
	at org.spongepowered.asm.mixin.transformer.MixinApplicatorStandard.prepareInjections(MixinApplicatorStandard.java:811)
	at org.spongepowered.asm.mixin.transformer.MixinApplicatorStandard.lambda$runApplicatorPass$3(MixinApplicatorStandard.java:323)
	at org.spongepowered.asm.mixin.transformer.MixinApplicatorStandard.processMixins(MixinApplicatorStandard.java:381)
	at org.spongepowered.asm.mixin.transformer.MixinApplicatorStandard.runApplicatorPass(MixinApplicatorStandard.java:320)
	at org.spongepowered.asm.mixin.transformer.MixinApplicatorStandard.apply(MixinApplicatorStandard.java:240)
	at org.spongepowered.asm.mixin.transformer.TargetClassContext.apply(TargetClassContext.java:437)
	at org.spongepowered.asm.mixin.transformer.TargetClassContext.applyMixins(TargetClassContext.java:418)
	at org.spongepowered.asm.mixin.transformer.MixinProcessor.applyMixins(MixinProcessor.java:351)
	at org.spongepowered.asm.mixin.transformer.MixinTransformer.transformClass(MixinTransformer.java:237)
	at org.spongepowered.asm.mixin.transformer.MixinTransformer.transformClassBytes(MixinTransformer.java:202)
	at net.fabricmc.loader.impl.launch.knot.KnotClassDelegate.getPostMixinClassByteArray(KnotClassDelegate.java:435)
	at net.fabricmc.loader.impl.launch.knot.KnotClassDelegate.tryLoadClass(KnotClassDelegate.java:336)
	at net.fabricmc.loader.impl.launch.knot.KnotClassDelegate.loadClass(KnotClassDelegate.java:231)
	at net.fabricmc.loader.impl.launch.knot.KnotClassLoader.loadClass(KnotClassLoader.java:119)
	at java.base/java.lang.ClassLoader.loadClass(ClassLoader.java:490)
	at knot//com.mojang.blaze3d.platform.Window.handler$zck000$axiom$getWidth(Window.java:1199)
	at knot//com.mojang.blaze3d.platform.Window.getWidth(Window.java)
	at knot//net.minecraft.client.renderer.GameRenderer.<init>(GameRenderer.java:170)
	at knot//net.minecraft.client.Minecraft.<init>(Minecraft.java:667)
	at knot//net.minecraft.client.main.Main.main(Main.java:278)
	at net.fabricmc.loader.impl.game.minecraft.MinecraftGameProvider.launch(MinecraftGameProvider.java:514)
	at net.fabricmc.loader.impl.launch.knot.Knot.launch(Knot.java:72)
	at net.fabricmc.loader.impl.launch.knot.KnotClient.main(KnotClient.java:23)
