
Error Generated: 2026-08-16-01-12

Java Environment:
  Operating System: Windows 11
  Java Version: 25.0.2

Server Software: Paper
  Build: 26.2-112-c9e894d (MC: 26.2)
  Minecraft v26.2.build.112-stable

Slimefun Environment:
  Slimefun v347d926-Beta
  Caused by: SlimyBees vBuild 1 zh-CN(SlimefunGuguProject) (git 810abc0)

Installed Addons (46)
  + SlimyTreeTaps Build 2 zh-CN(ybw0014) (git 8a58b9f)
  + GuizhanLibPlugin Build 62 (git aad97af)
  + LiteXpansion Build 35 (git 47857d1)
  + ExoticGarden Build 17 (git 2a33c6d)
  + InfinityExpansion Build 16 (git 850718f)
  + DynaTech Build 83 (git 2e31d18)
  + Residence 6.0.2.4
  + TranscEndence Build 11 (git 2352ccc)
  + SlimefunWarfare Build 12 (git 7f210c5)
  + SlimyRepair Build 1 (git 790c41c)
  + PotionExpansion Build 2 (git 81d4862)
  + DracFun 2.0.10
  + SoulJars Build 10 (git 3bc8cab)
  + SlimeGlue Build 26 (git 435fd15)
  + SlimefunLuckyBlocks Build 4 (git 3ff0e5a)
  + SlimyBees Build 1 zh-CN(SlimefunGuguProject) (git 810abc0)
  + HotbarPets Build 3 zh-CN(ybw0014) (git 92415a4)
  + EcoPower Build 1 zh-CN(ybw0014) (git eca8ab1)
  + AlchimiaVitae Build 9 (git 95fc682)
  + Cultivation Build 16 (git efc77ed)
  + Gastronomicon Build 8 (git 363b8ef)
  + DyedBackpacks Build 3 (git d4e0e45)
  + GeneticChickengineering Build 8 (git a6cd374)
  + FluffyMachines Build 40 (git 7583dd9)
  + ColoredEnderChests Build 4 (git c99f079)
  + FlowerPower Build 8 (git 1e40794)
  + SlimeTinker Build 57 (git 41be204)
  + PrivateStorage Build 1 zh-CN(ybw0014) (git 7205ea3)
  + MobCapturer Build 24 (git dc047fd)
  + ExtraHeads Build 6 (git 91961af)
  + SFCalc Build 6 (git 3441e14)
  + ElectricSpawners Build 5 (git 6fa0de2)
  + Supreme Build 23 (git 98df1c4)
  + ExtraGear Build 2 zh-CN(ybw0014) (git ff13031)
  + Bump Build 43 (git 8952c73)
  - FNAmplifications Build 14 (git d5faa38)
  + SlimefunOreChunks Build 1 zh-CN(ybw0014) (git 67879ed)
  + FoxyMachines Build 34 (git 835ad8f)
  + ExtraTools Build 6 (git 204b2a5)
  + WorldEditSlimefun 15
  - SlimeVoid 1.0
  + SaneCrafting 0.1
  + RykenSlimefunCustomizer Build 2 (git d077b86)
  + MCWWS_WorldEditSurvival 1.0.4
  + MCWWS_AxiomSurvival 1.1.7
  + MyFirstAddon Build 1 zh-CN(SlimefunGuguProject) (git 82208d8)

Installed Plugins (134):
  + LuckPerms 5.5.53
  + Vault 1.7.3-b131
  + FastAsyncWorldEdit 2.15.3+1704422
  + PlaceholderAPI 2.12.3
  + Slimefun 347d926-Beta
  + SlimyTreeTaps Build 2 zh-CN(ybw0014) (git 8a58b9f)
  + GuizhanLibPlugin Build 62 (git aad97af)
  + WorldGuard 7.0.17+2370-e42d8bc
  + LiteXpansion Build 35 (git 47857d1)
  + Citizens 2.0.43-SNAPSHOT (build 4231)
  + ExoticGarden Build 17 (git 2a33c6d)
  + InfinityExpansion Build 16 (git 850718f)
  + ProtocolLib 5.4.1-SNAPSHOT
  + Denizen 1.3.3-SNAPSHOT (build 7299-DEV)
  + Essentials 2.22.0
  + BlueMap 5.16
  + CMILib 1.5.9.9
  + DynaTech Build 83 (git 2e31d18)
  + BKCommonLib 2.0.2-SNAPSHOT
  + GriefPrevention 16.18.7
  + Residence 6.0.2.4
  + TranscEndence Build 11 (git 2352ccc)
  + SlimefunWarfare Build 12 (git 7f210c5)
  + floodgate 2.2.5-SNAPSHOT (b138-fc99cfc)
  + DecentHolograms 2.10.1
  + NBTAPI 2.16.0
  + Train_Carts 2.0.1-SNAPSHOT
  + Skript 2.16.1
  - ScriptBlockPlus 2.3.3
  + SlimyRepair Build 1 (git 790c41c)
  + PotionExpansion Build 2 (git 81d4862)
  + DracFun 2.0.10
  + SoulJars Build 10 (git 3bc8cab)
  + SlimeGlue Build 26 (git 435fd15)
  + SlimefunLuckyBlocks Build 4 (git 3ff0e5a)
  + SlimyBees Build 1 zh-CN(SlimefunGuguProject) (git 810abc0)
  + HotbarPets Build 3 zh-CN(ybw0014) (git 92415a4)
  + EcoPower Build 1 zh-CN(ybw0014) (git eca8ab1)
  + AlchimiaVitae Build 9 (git 95fc682)
  + Cultivation Build 16 (git efc77ed)
  + Gastronomicon Build 8 (git 363b8ef)
  + DyedBackpacks Build 3 (git d4e0e45)
  + ItemEdit 3.7.10
  + GeneticChickengineering Build 8 (git a6cd374)
  + FluffyMachines Build 40 (git 7583dd9)
  + ColoredEnderChests Build 4 (git c99f079)
  + FlowerPower Build 8 (git 1e40794)
  + SlimeTinker Build 57 (git 41be204)
  + PrivateStorage Build 1 zh-CN(ybw0014) (git 7205ea3)
  + MobCapturer Build 24 (git dc047fd)
  + ExtraHeads Build 6 (git 91961af)
  + SFCalc Build 6 (git 3441e14)
  + ElectricSpawners Build 5 (git 6fa0de2)
  + Supreme Build 23 (git 98df1c4)
  + ExtraGear Build 2 zh-CN(ybw0014) (git ff13031)
  + Bump Build 43 (git 8952c73)
  - FNAmplifications Build 14 (git d5faa38)
  + SlimefunOreChunks Build 1 zh-CN(ybw0014) (git 67879ed)
  + FoxyMachines Build 34 (git 835ad8f)
  + ExtraTools Build 6 (git 204b2a5)
  + MCWWS_EconomyLedger 1.1.0
  + UltimateShop 4.7.7
  + AxiomPaper 5.0.4+26.2
  + FoliaCompatibleAPI 1.2.0
  + Sentinel 2.9.4-SNAPSHOT (build 534)
  + WolfyUtilities 4.19.0.0
  + CommandAPI 12.0.0
  + ZMusic 2.10.3
  + WorldEditSUI 1.8.0
  + WorldEditSlimefun 15
  + Webizen 0.2.6
  + Veinminer 2.11.2
  + UltraDepository 1.3.9
  + UltimateTimber 4.8.0
  + UltimateFood 1.5.0
  + TCCoasters 2.0.1-SNAPSHOT
  - SlimeVoid 1.0
  + skript-yaml 1.7.2
  + skript-reflect 2.6.3
  + skript-placeholders 1.7.2
  + SetSpawn 5.5
  + ServerVariables 3.7.2
  - ScriptEntityPlus 1.2.3
  + ScreenInMC 2.0
  + SaneCrafting 0.1
  + RykenSlimefunCustomizer Build 2 (git d077b86)
  + Rtag 1.5.17
  + RandomBlockPlacement 1.2.0
  + PluginUpdater 1.0.11
  + PluginPortal 3.8.6
  - PlayerParticles 8.12
  + ParticleNativeAPI 4.5.1
  + One_day ${project.version}
  + MultitoolPlus 1.5.16
  - MoreBagPro 1.2.9
  + MCWWS_WorldEditSurvival 1.0.4
  + MCWWS_WebHost 1.0.0
  + MCWWS_UltimateShopFix 1.0.0
  + MCWWS_ResidenceQuiet 1.0.0
  + MCWWS_AxiomSurvival 1.1.7
  + LiteSignIn 1.9.0.1
  - ItemNBTEdit 1.2.3
  + ItemCommand 1.3.3
  + InventoryRollbackPlus 1.8.4
  + InfiniteScoreboard 1.3.0
  + ILoreEdit 2.7.2
  - HeadDB 6.0.0-rc.2
  + GSit 3.5.1
  + Geyser-Spigot 2.11.1-SNAPSHOT
  + FlyWithFood 2.0.7
  + FakePlayerPlugin 2.0.3
  + EssentialsSpawn 2.22.0
  + EssentialsGeoIP 2.22.0
  + EssentialsChat 2.22.0
  + Depenizen 2.1.1 (build 885)
  + denizen-reflect 2.4.2
  + DeluxeMenus 1.14.1-DEV-199
  + CustomCrafting 4.19.0
  + CurveBuilding unspecified
  + CreeperConfettiPro 2.2.0-bukkit
  + CommandTimer 8.8.0
  + CommandPrompter 2.16.0
  + ColorGradient 0.0.5-b1
  + ColoredAnvils 2.0.0
  + CitizensGUI 1.12
  - ChestSort 14.2.0
  + MyFirstAddon Build 1 zh-CN(SlimefunGuguProject) (git 82208d8)
  + BetterBags 1.2.1
  + BankPlus 6.4
  + BanItem 3.7
  - BackpackPlus 1.5.6-beta
  + AnvilPanel ${project.version}
  + ajLeaderboards 2.11.0-b338
  - AdvancedGUI 2.2.10

方块信息:
  世界: world
  X: -371
  Y: 92
  Z: -37
  方块类型: STRIPPED_CRIMSON_STEM
  方块数据: org.bukkit.craftbukkit.block.impl.CraftRotatedPillar
  状态: org.bukkit.craftbukkit.block.CraftBlockState

Ticker 信息:
  类型: 异步

Slimefun 数据:
  ID: INDUSTRIAL_BEE_HIVE
  数据加载状态: true
  物品栏: true
  数据: 

Stacktrace:

java.lang.IllegalStateException: Asynchronous entity add!
	at org.spigotmc.AsyncCatcher.catchOp(AsyncCatcher.java:10)
	at net.minecraft.server.level.ServerLevel.addEntity(ServerLevel.java:1634)
	at net.minecraft.server.level.ServerLevel.addFreshEntity(ServerLevel.java:1582)
	at org.bukkit.craftbukkit.CraftWorld.dropItem(CraftWorld.java:657)
	at org.bukkit.craftbukkit.CraftWorld.dropItemNaturally(CraftWorld.java:670)
	at org.bukkit.World.dropItemNaturally(World.java:712)
	at SlimyBees-Build 1 zh-CN(SlimefunGuguProject) (git 810abc0).jar//cz.martinbrom.slimybees.items.machines.BeeHive.addOutputs(BeeHive.java:263)
	at SlimyBees-Build 1 zh-CN(SlimefunGuguProject) (git 810abc0).jar//cz.martinbrom.slimybees.items.machines.BeeHive.tick(BeeHive.java:122)
	at SlimyBees-Build 1 zh-CN(SlimefunGuguProject) (git 810abc0).jar//cz.martinbrom.slimybees.core.machine.AbstractTickingContainer$4.tick(AbstractTickingContainer.java:95)
	at Slimefun-3419f04-Beta.jar//me.mrCookieSlime.Slimefun.Objects.handlers.BlockTicker.tick(BlockTicker.java:74)
	at Slimefun-3419f04-Beta.jar//io.github.thebusybiscuit.slimefun4.implementation.tasks.TickerTask.tickBlock(TickerTask.java:238)
	at Slimefun-3419f04-Beta.jar//io.github.thebusybiscuit.slimefun4.implementation.tasks.TickerTask.tickLocation(TickerTask.java:179)
	at Slimefun-3419f04-Beta.jar//io.github.thebusybiscuit.slimefun4.implementation.tasks.TickerTask.tickChunk(TickerTask.java:138)
	at Slimefun-3419f04-Beta.jar//io.github.thebusybiscuit.slimefun4.implementation.tasks.TickerTask.run(TickerTask.java:107)
	at org.bukkit.craftbukkit.scheduler.CraftTask.run(CraftTask.java:78)
	at org.bukkit.craftbukkit.scheduler.CraftAsyncTask.run(CraftAsyncTask.java:57)
	at com.destroystokyo.paper.ServerSchedulerReportingWrapper.run(ServerSchedulerReportingWrapper.java:22)
	at java.base/java.util.concurrent.ThreadPoolExecutor.runWorker(ThreadPoolExecutor.java:1090)
	at java.base/java.util.concurrent.ThreadPoolExecutor$Worker.run(ThreadPoolExecutor.java:614)
	at java.base/java.lang.Thread.run(Thread.java:1474)
